 Num cpu avail:          128
 dir_out:   /jet/home/rpearce/ocean/baseline/zreion_cpu_baseline/run_1/out/
 zmean_zre:    8.00000000000000     
 alpha_zre:   0.500000000000000     
 kb_zre:       1.05000000000000     
 b0_zre:      0.450000000000000     
    0.92  03:19:32  03:19:33  Called init dm
    0.00  03:19:33  03:19:33  Called init domain
    0.01  03:19:33  03:19:33  Called calc cosmo distance
    0.01  03:19:33  03:19:33  Called calc angular distance
 Nsightpix:          698
    0.00  03:19:33  03:19:33  Called calc Nsightpix
    3.92  03:19:33  03:19:37  Called init fields
Reading planck_2018_transfer_z000.dat
    0.01  03:19:37  03:19:37  Called calc linear pk
 
 
 Iteration            1  of            1
 GRF:  -1.2201193E-05  0.9999732      -6.007300       5.952335    
    0.22  03:19:37  03:19:37  Called make gaussian random field
    0.97  03:19:37  03:19:38  Called calc delta field
    0.02  03:19:38  03:19:38  Called calc cosmo var
    1.54  03:19:38  03:19:40  Called calc gradphi 1
    4.12  03:19:40  03:19:44  Called calc gradphi 2
    0.43  03:19:44  03:19:45  Called calc dm
    0.97  03:19:45  03:19:46  Called link dm
 redshift:    8.00000000000000     
 density:    1.000000      0.2547884       5.284054      0.2675858    
 vx:       -7.8876270E-05   134.6033       704.6346      -730.6509    
 vy:       -2.4385074E-04   135.4328       706.3177      -732.3685    
 vz:        6.5774657E-04   137.3509       780.9237      -733.4025    
   11.61  03:19:38  03:19:50  Called calc density velocity fields
 zreion:    8.000000      0.9408142       24.46278       5.285489    
z, x, xm:   5.000  0.000  0.000
z, x, xm:   5.500  0.000  0.000
z, x, xm:   6.000  0.000  0.000
z, x, xm:   6.500  0.015  0.008
z, x, xm:   7.000  0.115  0.076
z, x, xm:   7.500  0.328  0.247
z, x, xm:   8.000  0.566  0.468
z, x, xm:   8.500  0.750  0.663
z, x, xm:   9.000  0.865  0.802
z, x, xm:   9.500  0.931  0.889
z, x, xm:  10.000  0.965  0.939
z, x, xm:  10.500  0.982  0.967
z, x, xm:  11.000  0.991  0.982
z, x, xm:  11.500  0.996  0.991
z, x, xm:  12.000  0.998  0.995
z, x, xm:  12.500  0.999  0.997
z, x, xm:  13.000  0.999  0.999
z, x, xm:  13.500  1.000  0.999
z, x, xm:  14.000  1.000  1.000
z, x, xm:  14.500  1.000  1.000
z, x, xm:  15.000  1.000  1.000
z, x, xm:  16.000  1.000  1.000
z, x, xm:  17.000  1.000  1.000
z, x, xm:  18.000  1.000  1.000
z, x, xm:  19.000  1.000  1.000
z, x, xm:  20.000  1.000  1.000
   14.17  03:19:38  03:19:53  Called calc zreion
    0.01  03:19:53  03:19:53  Called calc tau
    0.02  03:19:53  03:19:53  Called calc cosmo var
    1.54  03:19:53  03:19:54  Called calc gradphi 1
    4.15  03:19:54  03:19:58  Called calc gradphi 2
    0.43  03:19:58  03:19:59  Called calc dm
    1.04  03:19:59  03:20:00  Called link dm
 redshift:    5.50000000000000     
 density:    1.000000      0.3584377       11.13560      0.1720972    
 vx:        5.5195866E-05   157.8553       827.5242      -852.9957    
 vy:        2.3313572E-05   158.8308       825.9716      -849.4285    
 vz:        2.7983249E-04   161.0913       909.5405      -859.9141    
   11.86  03:19:53  03:20:04  Called calc density velocity fields
    0.02  03:20:04  03:20:05  Called calc cosmo var
    1.60  03:20:05  03:20:06  Called calc gradphi 1
    4.14  03:20:06  03:20:10  Called calc gradphi 2
    0.43  03:20:10  03:20:11  Called calc dm
    1.02  03:20:11  03:20:12  Called link dm
 redshift:    6.00000000000000     
 density:    1.000000      0.3312532       9.315255      0.1925133    
 vx:        1.6468937E-05   152.2684       794.5255      -833.5019    
 vy:       -4.7986981E-05   153.2085       797.9436      -830.4199    
 vz:        3.9883424E-04   155.3856       874.5796      -837.2092    
   11.90  03:20:04  03:20:16  Called calc density velocity fields
 xbar:   0.999999771825969     
 ion: -1.0593729E-16  4.7767570E-04  -1.000000      2.2817409E-07
    0.81  03:20:16  03:20:17  Called calc rho ion fields
    0.07  03:20:19  03:20:19  Called calc pspec
    0.06  03:20:19  03:20:19  Called calc pspec
    0.08  03:20:19  03:20:19  Called calc pspec
    0.06  03:20:19  03:20:19  Called calc pspec
 xbar:   0.999657595530152     
 ion:  1.1543513E-16  1.8507343E-02  -1.000000      3.4252176E-04
    0.38  03:20:19  03:20:20  Called calc rho ion fields
    0.05  03:20:21  03:20:22  Called calc pspec
    0.05  03:20:22  03:20:22  Called calc pspec
    0.09  03:20:22  03:20:22  Called calc pspec
    0.04  03:20:22  03:20:22  Called calc pspec
    0.02  03:20:22  03:20:22  Called calc cosmo var
    1.62  03:20:22  03:20:23  Called calc gradphi 1
    4.46  03:20:23  03:20:28  Called calc gradphi 2
    0.44  03:20:28  03:20:28  Called calc dm
    1.01  03:20:28  03:20:29  Called link dm
 redshift:    6.50000000000000     
 density:    1.000000      0.3079803       7.879282      0.2130610    
 vx:       -1.9050094E-05   147.2221       766.8578      -811.0038    
 vy:       -1.0722382E-04   148.1305       771.7829      -808.1958    
 vz:        5.0138822E-04   150.2329       850.3851      -813.4216    
   12.24  03:20:22  03:20:34  Called calc density velocity fields
 xbar:   0.984783475287259     
 ion:  8.2787950E-15  0.1243046      -1.000000      1.5451645E-02
    0.84  03:20:34  03:20:35  Called calc rho ion fields
    0.06  03:20:36  03:20:36  Called calc pspec
    0.06  03:20:36  03:20:36  Called calc pspec
    0.09  03:20:36  03:20:36  Called calc pspec
    0.06  03:20:36  03:20:36  Called calc pspec
    0.02  03:20:37  03:20:37  Called calc cosmo var
    1.71  03:20:37  03:20:38  Called calc gradphi 1
    4.85  03:20:38  03:20:43  Called calc gradphi 2
    0.44  03:20:43  03:20:44  Called calc dm
    1.05  03:20:44  03:20:45  Called link dm
 redshift:    7.00000000000000     
 density:    1.000000      0.2878452       6.769609      0.2330148    
 vx:       -4.7447997E-05   142.6370       745.2684      -784.5474    
 vy:       -1.5848847E-04   143.5166       749.1425      -781.5011    
 vz:        5.7896960E-04   145.5517       828.3140      -786.7903    
   13.50  03:20:37  03:20:50  Called calc density velocity fields
 xbar:   0.885178859345615     
 ion: -2.8233465E-14  0.3601599      -1.000000      0.1297152    
    0.99  03:20:50  03:20:51  Called calc rho ion fields
    0.07  03:20:52  03:20:52  Called calc pspec
    0.06  03:20:52  03:20:52  Called calc pspec
    0.10  03:20:52  03:20:52  Called calc pspec
    0.07  03:20:52  03:20:52  Called calc pspec
    0.02  03:20:54  03:20:54  Called calc cosmo var
    1.67  03:20:54  03:20:55  Called calc gradphi 1
    4.65  03:20:55  03:21:00  Called calc gradphi 2
    0.44  03:21:00  03:21:00  Called calc dm
    1.01  03:21:00  03:21:01  Called link dm
 redshift:    7.50000000000000     
 density:    1.000000      0.2702644       5.918826      0.2504932    
 vx:       -6.7221248E-05   138.4483       724.4163      -757.4693    
 vy:       -2.0406148E-04   139.3018       727.2214      -753.2001    
 vz:        6.3008396E-04   141.2758       804.8837      -760.0087    
   12.49  03:20:54  03:21:06  Called calc density velocity fields
 xbar:   0.671543220058084     
 ion: -1.0833944E-14  0.6993622      -1.000000      0.4891074    
    0.49  03:21:06  03:21:07  Called calc rho ion fields
    0.05  03:21:07  03:21:07  Called calc pspec
    0.05  03:21:07  03:21:07  Called calc pspec
    0.10  03:21:07  03:21:08  Called calc pspec
    0.05  03:21:08  03:21:08  Called calc pspec
    0.02  03:21:08  03:21:08  Called calc cosmo var
    1.73  03:21:08  03:21:10  Called calc gradphi 1
    5.04  03:21:10  03:21:15  Called calc gradphi 2
    0.45  03:21:15  03:21:15  Called calc dm
    1.03  03:21:15  03:21:17  Called link dm
 redshift:    8.00000000000000     
 density:    1.000000      0.2547884       5.284054      0.2675858    
 vx:       -7.8876270E-05   134.6033       704.6346      -730.6509    
 vy:       -2.4385074E-04   135.4328       706.3177      -732.3685    
 vz:        6.5774657E-04   137.3509       780.9237      -733.4025    
   14.47  03:21:08  03:21:23  Called calc density velocity fields
 xbar:   0.433928035199642     
 ion:  1.1590170E-13   1.142160      -1.000000       1.304530    
    0.52  03:21:23  03:21:23  Called calc rho ion fields
    0.07  03:21:24  03:21:24  Called calc pspec
    0.08  03:21:24  03:21:24  Called calc pspec
    0.11  03:21:24  03:21:24  Called calc pspec
    0.07  03:21:24  03:21:24  Called calc pspec
    0.02  03:21:25  03:21:25  Called calc cosmo var
    1.73  03:21:25  03:21:27  Called calc gradphi 1
    4.73  03:21:27  03:21:32  Called calc gradphi 2
    0.44  03:21:32  03:21:32  Called calc dm
    1.05  03:21:32  03:21:33  Called link dm
 redshift:    8.50000000000000     
 density:    1.000000      0.2410658       4.837304      0.2842308    
 vx:       -8.4178049E-05   131.0583       686.1022      -705.7678    
 vy:       -2.7689958E-04   131.8658       686.8195      -712.6236    
 vz:        6.6636410E-04   133.7325       756.7759      -711.1946    
   14.40  03:21:25  03:21:40  Called calc density velocity fields
 xbar:   0.250364348292351     
 ion:  1.6201016E-14   1.730370      -1.000000       2.994179    
    0.51  03:21:40  03:21:40  Called calc rho ion fields
    0.06  03:21:41  03:21:41  Called calc pspec
    0.05  03:21:41  03:21:41  Called calc pspec
    0.11  03:21:41  03:21:41  Called calc pspec
    0.05  03:21:41  03:21:41  Called calc pspec
    0.02  03:21:42  03:21:42  Called calc cosmo var
    1.66  03:21:42  03:21:43  Called calc gradphi 1
    4.60  03:21:43  03:21:48  Called calc gradphi 2
    0.43  03:21:48  03:21:48  Called calc dm
    0.95  03:21:48  03:21:49  Called link dm
 redshift:    9.00000000000000     
 density:    1.000000      0.2288168       4.466786      0.3004141    
 vx:       -8.4994514E-05   127.7770       668.6300      -688.4224    
 vy:       -3.0235454E-04   128.5640       670.1790      -698.7429    
 vz:        6.5971963E-04   130.3833       733.1176      -694.3138    
   12.81  03:21:42  03:21:55  Called calc density velocity fields
 xbar:   0.134595670737326     
 ion:  3.3260937E-14   2.535677      -1.000000       6.429659    
    0.53  03:21:55  03:21:55  Called calc rho ion fields
    0.06  03:21:56  03:21:56  Called calc pspec
    0.06  03:21:56  03:21:56  Called calc pspec
    0.12  03:21:56  03:21:56  Called calc pspec
    0.05  03:21:56  03:21:56  Called calc pspec
    0.02  03:21:57  03:21:57  Called calc cosmo var
    1.81  03:21:57  03:21:59  Called calc gradphi 1
    5.85  03:21:59  03:22:05  Called calc gradphi 2
    0.44  03:22:05  03:22:06  Called calc dm
    1.00  03:22:06  03:22:07  Called link dm
 redshift:    9.50000000000000     
 density:    1.000000      0.2178168       4.154986      0.3160846    
 vx:       -8.2874947E-05   124.7286       652.1097      -676.6290    
 vy:       -3.1975724E-04   125.4968       655.8025      -687.1198    
 vz:        6.4185803E-04   127.2720       717.7053      -681.6161    
   14.59  03:21:57  03:22:12  Called calc density velocity fields
 xbar:   6.946811825037003E-002
 ion: -2.1191274E-14   3.659931      -1.000000       13.39509    
    0.61  03:22:12  03:22:13  Called calc rho ion fields
    0.09  03:22:14  03:22:14  Called calc pspec
    0.07  03:22:14  03:22:14  Called calc pspec
    0.13  03:22:14  03:22:14  Called calc pspec
    0.08  03:22:14  03:22:14  Called calc pspec
    0.02  03:22:14  03:22:14  Called calc cosmo var
    3.41  03:22:14  03:22:18  Called calc gradphi 1
    8.34  03:22:18  03:22:26  Called calc gradphi 2
    0.45  03:22:26  03:22:27  Called calc dm
    1.06  03:22:27  03:22:28  Called link dm
 redshift:    10.0000000000000     
 density:    1.000000      0.2078831       3.889233      0.3299327    
 vx:       -7.8991347E-05   121.8874       636.4968      -665.8381    
 vy:       -3.2937108E-04   122.6380       641.4371      -675.0779    
 vz:        6.1634998E-04   124.3722       702.9634      -668.0422    
   17.98  03:22:14  03:22:32  Called calc density velocity fields
 xbar:   3.509076405316591E-002
 ion: -3.0183321E-14   5.243808      -1.000000       27.49753    
    0.56  03:22:32  03:22:33  Called calc rho ion fields
    0.08  03:22:34  03:22:34  Called calc pspec
    0.07  03:22:34  03:22:34  Called calc pspec
    0.13  03:22:34  03:22:34  Called calc pspec
    0.07  03:22:34  03:22:34  Called calc pspec
    0.02  03:22:35  03:22:35  Called calc cosmo var
    2.48  03:22:35  03:22:37  Called calc gradphi 1
    6.01  03:22:37  03:22:43  Called calc gradphi 2
    0.44  03:22:43  03:22:44  Called calc dm
    1.01  03:22:44  03:22:45  Called link dm
 redshift:    10.5000000000000     
 density:    1.000000      0.1988659       3.660467      0.3426928    
 vx:       -7.4175034E-05   119.2312       621.7582      -654.1703    
 vy:       -3.3218300E-04   119.9653       627.3754      -662.5046    
 vz:        5.8584049E-04   121.6613       688.6475      -654.8655    
   14.76  03:22:35  03:22:50  Called calc density velocity fields
 xbar:   1.756667438894510E-002
 ion:  2.1539411E-14   7.478367      -1.000000       55.92597    
    0.56  03:22:50  03:22:50  Called calc rho ion fields
    0.08  03:22:51  03:22:51  Called calc pspec
    0.08  03:22:51  03:22:51  Called calc pspec
    0.13  03:22:51  03:22:51  Called calc pspec
    0.09  03:22:51  03:22:51  Called calc pspec
    0.02  03:22:52  03:22:52  Called calc cosmo var
    1.97  03:22:52  03:22:54  Called calc gradphi 1
    5.63  03:22:54  03:23:00  Called calc gradphi 2
    0.45  03:23:00  03:23:00  Called calc dm
    1.99  03:23:00  03:23:02  Called link dm
 redshift:    11.0000000000000     
 density:    1.000000      0.1906418       3.462070      0.3551438    
 vx:       -6.8964182E-05   116.7410       607.8463      -642.1531    
 vy:       -3.2939290E-04   117.4597       613.7700      -649.5576    
 vz:        5.5257720E-04   119.1198       675.1988      -642.4731    
   14.89  03:22:52  03:23:07  Called calc density velocity fields
 xbar:   8.787118829786777E-003
 ion: -2.5023386E-15   10.62087      -1.000000       112.8029    
    0.59  03:23:07  03:23:07  Called calc rho ion fields
    0.08  03:23:08  03:23:08  Called calc pspec
    0.06  03:23:08  03:23:09  Called calc pspec
    0.14  03:23:09  03:23:09  Called calc pspec
    0.07  03:23:09  03:23:09  Called calc pspec
    0.02  03:23:09  03:23:09  Called calc cosmo var
    1.93  03:23:09  03:23:11  Called calc gradphi 1
    5.77  03:23:11  03:23:17  Called calc gradphi 2
    0.48  03:23:17  03:23:17  Called calc dm
    0.89  03:23:17  03:23:18  Called link dm
 redshift:    11.5000000000000     
 density:    1.000000      0.1831081       3.288504      0.3672668    
 vx:       -6.3731655E-05   114.4005       594.7075      -630.1057    
 vy:       -3.2230967E-04   115.1047       600.6898      -636.6010    
 vz:        5.1832042E-04   116.7311       663.6398      -630.1724    
   14.06  03:23:09  03:23:23  Called calc density velocity fields
 xbar:   4.412655718624592E-003
 ion: -1.1251850E-15   15.02068      -1.000000       225.6209    
    1.65  03:23:23  03:23:25  Called calc rho ion fields
    0.51  03:23:27  03:23:27  Called calc pspec
    0.07  03:23:27  03:23:27  Called calc pspec
    0.37  03:23:27  03:23:28  Called calc pspec
    0.06  03:23:28  03:23:28  Called calc pspec
    0.02  03:23:28  03:23:28  Called calc cosmo var
    1.81  03:23:28  03:23:30  Called calc gradphi 1
    5.39  03:23:30  03:23:35  Called calc gradphi 2
    0.44  03:23:35  03:23:36  Called calc dm
    0.86  03:23:36  03:23:37  Called link dm
 redshift:    12.0000000000000     
 density:    1.000000      0.1761789       3.135709      0.3790607    
 vx:       -5.8698162E-05   112.1953       582.2871      -618.2192    
 vy:       -3.1201355E-04   112.8859       588.1610      -623.8466    
 vz:        4.8410372E-04   114.4805       652.2263      -618.1263    
   13.91  03:23:28  03:23:42  Called calc density velocity fields
 xbar:   2.231932245194912E-003
 ion:  8.9240681E-16   21.14337      -1.000000       447.0423    
    1.42  03:23:42  03:23:44  Called calc rho ion fields
    0.08  03:23:45  03:23:45  Called calc pspec
    0.07  03:23:45  03:23:45  Called calc pspec
    0.13  03:23:45  03:23:45  Called calc pspec
    0.08  03:23:45  03:23:45  Called calc pspec
    0.02  03:23:46  03:23:46  Called calc cosmo var
    1.82  03:23:46  03:23:48  Called calc gradphi 1
    5.39  03:23:48  03:23:53  Called calc gradphi 2
    0.44  03:23:53  03:23:54  Called calc dm
    0.84  03:23:54  03:23:55  Called link dm
 redshift:    12.5000000000000     
 density:    1.000000      0.1697821       3.005208      0.3905166    
 vx:       -5.3882217E-05   110.1131       571.3640      -606.6066    
 vy:       -2.9949786E-04   110.7907       576.1849      -611.4122    
 vz:        4.5072808E-04   112.3554       641.0633      -606.4249    
   14.32  03:23:46  03:24:01  Called calc density velocity fields
 xbar:   1.140160486102104E-003
 ion:  2.4396717E-15   29.59847      -1.000000       876.0695    
    0.76  03:24:01  03:24:01  Called calc rho ion fields
    0.05  03:24:02  03:24:02  Called calc pspec
    0.06  03:24:02  03:24:02  Called calc pspec
    0.10  03:24:02  03:24:02  Called calc pspec
    0.05  03:24:02  03:24:02  Called calc pspec
    0.02  03:24:04  03:24:04  Called calc cosmo var
    2.74  03:24:04  03:24:07  Called calc gradphi 1
    7.67  03:24:07  03:24:15  Called calc gradphi 2
    0.46  03:24:15  03:24:15  Called calc dm
    0.87  03:24:15  03:24:16  Called link dm
 redshift:    13.0000000000000     
 density:    1.000000      0.1638564       2.888952      0.4016518    
 vx:       -4.9380051E-05   108.1428       561.4959      -595.3293    
 vy:       -2.8564711E-04   108.8083       565.9263      -599.3602    
 vz:        4.1867376E-04   110.3446       630.2077      -595.1136    
   17.35  03:24:04  03:24:22  Called calc density velocity fields
 xbar:   5.879690870642662E-004
 ion:  1.8611414E-15   41.22826      -1.000000       1699.770    
    0.53  03:24:22  03:24:22  Called calc rho ion fields
    0.06  03:24:23  03:24:23  Called calc pspec
    0.06  03:24:23  03:24:23  Called calc pspec
    0.10  03:24:23  03:24:23  Called calc pspec
    0.07  03:24:23  03:24:23  Called calc pspec
    0.02  03:24:24  03:24:24  Called calc cosmo var
    2.50  03:24:24  03:24:26  Called calc gradphi 1
    6.04  03:24:26  03:24:32  Called calc gradphi 2
    0.49  03:24:32  03:24:33  Called calc dm
    0.85  03:24:33  03:24:34  Called link dm
 redshift:    13.5000000000000     
 density:    1.000000      0.1583499       2.784510      0.4124615    
 vx:       -4.5244171E-05   106.2749       552.0086      -584.4242    
 vy:       -2.7103463E-04   106.9288       556.3741      -587.7133    
 vz:        3.8834914E-04   108.4383       619.6934      -584.2123    
   15.06  03:24:24  03:24:39  Called calc density velocity fields
 xbar:   3.067664802074432E-004
 ion:  4.0354005E-16   57.08598      -1.000000       3258.809    
    0.56  03:24:39  03:24:39  Called calc rho ion fields
    0.06  03:24:40  03:24:40  Called calc pspec
    0.06  03:24:40  03:24:40  Called calc pspec
    0.10  03:24:40  03:24:40  Called calc pspec
    0.06  03:24:40  03:24:40  Called calc pspec
    0.02  03:24:41  03:24:41  Called calc cosmo var
    1.81  03:24:41  03:24:43  Called calc gradphi 1
    5.25  03:24:43  03:24:48  Called calc gradphi 2
    0.43  03:24:48  03:24:48  Called calc dm
    1.27  03:24:48  03:24:49  Called link dm
 redshift:    14.0000000000000     
 density:    1.000000      0.1532181       2.690367      0.4229398    
 vx:       -4.1436702E-05   104.5009       542.9503      -573.9050    
 vy:       -2.5614040E-04   105.1438       547.3157      -576.4613    
 vz:        3.5984366E-04   106.6278       609.5344      -573.7238    
   13.41  03:24:41  03:24:54  Called calc density velocity fields
 xbar:   1.619020476937294E-004
 ion: -8.3483567E-16   78.58482      -1.000000       6175.574    
    1.02  03:24:54  03:24:55  Called calc rho ion fields
    0.07  03:24:59  03:24:59  Called calc pspec
    0.48  03:24:59  03:24:59  Called calc pspec
    0.30  03:24:59  03:24:59  Called calc pspec
    0.06  03:24:59  03:24:59  Called calc pspec
    0.02  03:25:00  03:25:00  Called calc cosmo var
    1.82  03:25:00  03:25:02  Called calc gradphi 1
    5.28  03:25:02  03:25:07  Called calc gradphi 2
    0.43  03:25:07  03:25:07  Called calc dm
    0.74  03:25:07  03:25:08  Called link dm
 redshift:    14.5000000000000     
 density:    1.000000      0.1484225       2.605080      0.4331340    
 vx:       -3.7999831E-05   102.8131       534.4625      -563.7728    
 vy:       -2.4133809E-04   103.4457       538.6000      -565.5671    
 vz:        3.3324023E-04   104.9054       599.7339      -563.6425    
   12.75  03:25:00  03:25:13  Called calc density velocity fields
 xbar:   8.629634976387024E-005
 ion: -2.5717276E-16   107.6428      -1.000000       11586.98    
    1.48  03:25:13  03:25:14  Called calc rho ion fields
    0.07  03:25:15  03:25:15  Called calc pspec
    0.07  03:25:15  03:25:15  Called calc pspec
    0.11  03:25:15  03:25:15  Called calc pspec
    0.07  03:25:15  03:25:15  Called calc pspec
    0.02  03:25:16  03:25:16  Called calc cosmo var
    1.82  03:25:16  03:25:18  Called calc gradphi 1
    5.32  03:25:18  03:25:24  Called calc gradphi 2
    0.42  03:25:24  03:25:24  Called calc dm
    0.75  03:25:24  03:25:25  Called link dm
 redshift:    15.0000000000000     
 density:    1.000000      0.1439301       2.527413      0.4430271    
 vx:       -3.4826011E-05   101.2049       526.3126      -554.0233    
 vy:       -2.2693939E-04   101.8275       530.2170      -554.9881    
 vz:        3.0859635E-04   103.2642       590.2872      -553.9567    
   14.36  03:25:16  03:25:31  Called calc density velocity fields
 xbar:   4.661083221435547E-005
 ion:  2.5413699E-16   146.4693      -1.000000       21453.24    
    0.81  03:25:31  03:25:32  Called calc rho ion fields
    0.06  03:25:33  03:25:33  Called calc pspec
    0.08  03:25:33  03:25:33  Called calc pspec
    0.12  03:25:33  03:25:33  Called calc pspec
    0.06  03:25:33  03:25:33  Called calc pspec
    0.02  03:25:33  03:25:33  Called calc cosmo var
    1.80  03:25:33  03:25:35  Called calc gradphi 1
    5.33  03:25:35  03:25:41  Called calc gradphi 2
    0.42  03:25:41  03:25:41  Called calc dm
    0.77  03:25:41  03:25:42  Called link dm
 redshift:    16.0000000000000     
 density:    1.000000      0.1357430       2.391679      0.4619203    
 vx:       -2.9372930E-05   98.20367       510.9602      -535.6293    
 vy:       -1.9981757E-04   98.80771       514.3974      -535.9401    
 vz:        2.6489494E-04   100.2013       572.4111      -535.6422    
   14.52  03:25:33  03:25:48  Called calc density velocity fields
 xbar:   1.392699778079987E-005
 ion: -3.1051550E-16   267.9589      -1.000000       71801.98    
    0.50  03:25:48  03:25:48  Called calc rho ion fields
    0.05  03:25:49  03:25:49  Called calc pspec
    0.06  03:25:49  03:25:49  Called calc pspec
    0.11  03:25:49  03:25:49  Called calc pspec
    0.05  03:25:49  03:25:50  Called calc pspec
  398.39  03:19:53  03:26:31  Called calc ksz t21 fields
Writing /jet/home/rpearce/ocean/baseline/zreion_cpu_baseline/run_1/out/obs_grids.hdf5
    0.25  03:26:31  03:26:31  Called write fields
Writing /jet/home/rpearce/ocean/baseline/zreion_cpu_baseline/run_1/out/pk_arrays.hdf5
    0.00  03:26:31  03:26:31  Called write pk
    0.00  03:26:31  03:26:31  Called close h5
