 Num cpu avail:          128
 dir_out:   
 /jet/home/rpearce/ocean/baseline/cpu-512-scaling-008t-v2/run_002/out/
 zmean_zre:    8.00000000000000     
 alpha_zre:   0.500000000000000     
 kb_zre:       1.05000000000000     
 b0_zre:      0.450000000000000     
 iseed:         20250915
 save_grf:   F
 read_grf:   F
 ckpt_level:           0
    0.26  00:17:40  00:17:41  Called init dm
    0.00  00:17:41  00:17:41  Called init domain
    0.01  00:17:41  00:17:41  Called calc cosmo distance
    0.00  00:17:41  00:17:41  Called calc angular distance
 Nsightpix:          349
    0.00  00:17:41  00:17:41  Called calc Nsightpix
    0.91  00:17:41  00:17:41  Called init fields
Reading planck_2018_transfer_z000.dat
    0.00  00:17:41  00:17:41  Called calc linear pk
 
 
 Iteration            1  of            1
 GRF seed:     20250915
 GRF:   2.8721613E-05  0.9999809      -5.755878       5.817863    
    0.65  00:17:41  00:17:42  Called make gaussian random field
    0.95  00:17:42  00:17:43  Called calc delta field
    0.02  00:17:43  00:17:43  Called calc cosmo var
    0.80  00:17:43  00:17:44  Called calc gradphi 1
    2.36  00:17:44  00:17:46  Called calc gradphi 2
    0.37  00:17:46  00:17:47  Called calc dm
    0.31  00:17:47  00:17:47  Called link dm
 redshift:    8.00000000000000     
 density:    1.000000      0.1790874       2.815849      0.3949257    
 vx:        5.9560693E-07   130.8621       725.4606      -687.9543    
 vy:       -4.8572096E-05   130.4444       697.8663      -683.1456    
 vz:       -1.9956495E-04   130.6809       666.9510      -682.1633    
   10.06  00:17:43  00:17:53  Called calc density velocity fields
 zreion:    8.000000      0.7868583       16.89212       5.507581    
z, x, xm:   5.000  0.000  0.000
z, x, xm:   5.500  0.000  0.000
z, x, xm:   6.000  0.000  0.000
z, x, xm:   6.500  0.007  0.005
z, x, xm:   7.000  0.077  0.056
z, x, xm:   7.500  0.279  0.224
z, x, xm:   8.000  0.547  0.478
z, x, xm:   8.500  0.765  0.708
z, x, xm:   9.000  0.894  0.858
z, x, xm:   9.500  0.956  0.937
z, x, xm:  10.000  0.983  0.974
z, x, xm:  10.500  0.994  0.990
z, x, xm:  11.000  0.998  0.996
z, x, xm:  11.500  0.999  0.999
z, x, xm:  12.000  1.000  0.999
z, x, xm:  12.500  1.000  1.000
z, x, xm:  13.000  1.000  1.000
z, x, xm:  13.500  1.000  1.000
z, x, xm:  14.000  1.000  1.000
z, x, xm:  14.500  1.000  1.000
z, x, xm:  15.000  1.000  1.000
z, x, xm:  16.000  1.000  1.000
z, x, xm:  17.000  1.000  1.000
z, x, xm:  18.000  1.000  1.000
z, x, xm:  19.000  1.000  1.000
z, x, xm:  20.000  1.000  1.000
   12.27  00:17:43  00:17:55  Called calc zreion
    0.01  00:17:55  00:17:55  Called calc tau
    0.02  00:17:55  00:17:55  Called calc cosmo var
    0.80  00:17:55  00:17:56  Called calc gradphi 1
    2.36  00:17:56  00:17:59  Called calc gradphi 2
    0.37  00:17:59  00:17:59  Called calc dm
    0.34  00:17:59  00:17:59  Called link dm
 redshift:    5.50000000000000     
 density:    1.000000      0.2453786       4.088559      0.2897717    
 vx:       -1.3406927E-06   153.5438       867.4586      -823.0795    
 vy:       -1.1993246E-04   153.0519       850.6176      -811.8743    
 vz:       -3.8876594E-04   153.3307       768.5590      -797.3273    
   10.23  00:17:55  00:18:06  Called calc density velocity fields
    0.02  00:18:06  00:18:06  Called calc cosmo var
    0.79  00:18:06  00:18:06  Called calc gradphi 1
    2.36  00:18:06  00:18:09  Called calc gradphi 2
    0.37  00:18:09  00:18:09  Called calc dm
    0.33  00:18:09  00:18:09  Called link dm
 redshift:    6.00000000000000     
 density:    1.000000      0.2282588       3.717196      0.3137175    
 vx:       -6.5761933E-06   148.0813       834.3258      -792.4747    
 vy:       -9.8481549E-05   147.6074       816.0765      -783.5027    
 vz:       -3.5177797E-04   147.8759       740.9407      -766.4216    
   10.15  00:18:06  00:18:16  Called calc density velocity fields
 xbar:    1.00000000000000     
 ion:  0.0000000E+00  0.0000000E+00  0.0000000E+00  0.0000000E+00
    0.23  00:18:16  00:18:16  Called calc rho ion fields
    0.06  00:18:16  00:18:16  Called calc pspec
    0.06  00:18:16  00:18:16  Called calc pspec
    0.06  00:18:16  00:18:17  Called calc pspec
    0.06  00:18:17  00:18:17  Called calc pspec
 xbar:   0.999891407787800     
 ion: -9.5082201E-16  1.0421325E-02  -1.000000      1.0860401E-04
    0.23  00:18:17  00:18:17  Called calc rho ion fields
    0.06  00:18:17  00:18:17  Called calc pspec
    0.06  00:18:17  00:18:17  Called calc pspec
    0.06  00:18:17  00:18:17  Called calc pspec
    0.06  00:18:17  00:18:18  Called calc pspec
    0.02  00:18:18  00:18:18  Called calc cosmo var
    0.80  00:18:18  00:18:18  Called calc gradphi 1
    2.36  00:18:18  00:18:21  Called calc gradphi 2
    0.37  00:18:21  00:18:21  Called calc dm
    0.32  00:18:21  00:18:21  Called link dm
 redshift:    6.50000000000000     
 density:    1.000000      0.2134794       3.425427      0.3355977    
 vx:       -6.7808351E-06   143.1547       803.6631      -763.3685    
 vy:       -8.1373932E-05   142.6970       783.4091      -755.7868    
 vz:       -3.1081363E-04   142.9563       715.3810      -741.5398    
   10.14  00:18:18  00:18:28  Called calc density velocity fields
 xbar:   0.992592737078667     
 ion:  1.7036526E-15  8.6385995E-02  -1.000000      7.4625397E-03
    0.24  00:18:28  00:18:28  Called calc rho ion fields
    0.06  00:18:28  00:18:28  Called calc pspec
    0.06  00:18:28  00:18:28  Called calc pspec
    0.06  00:18:28  00:18:29  Called calc pspec
    0.06  00:18:29  00:18:29  Called calc pspec
    0.02  00:18:29  00:18:29  Called calc cosmo var
    0.79  00:18:29  00:18:30  Called calc gradphi 1
    2.36  00:18:30  00:18:32  Called calc gradphi 2
    0.37  00:18:32  00:18:32  Called calc dm
    0.32  00:18:32  00:18:33  Called link dm
 redshift:    7.00000000000000     
 density:    1.000000      0.2005754       3.185426      0.3563195    
 vx:       -4.7234039E-06   138.6839       775.1669      -736.2422    
 vy:       -6.7983565E-05   138.2408       752.7080      -729.5886    
 vz:       -2.7029245E-04   138.4918       693.1202      -720.0966    
   10.08  00:18:29  00:18:39  Called calc density velocity fields
 xbar:   0.922686576843262     
 ion: -2.9174153E-14  0.2894679      -1.000000      8.3791643E-02
    0.26  00:18:39  00:18:39  Called calc rho ion fields
    0.06  00:18:40  00:18:40  Called calc pspec
    0.06  00:18:40  00:18:40  Called calc pspec
    0.06  00:18:40  00:18:40  Called calc pspec
    0.06  00:18:40  00:18:40  Called calc pspec
    0.02  00:18:40  00:18:40  Called calc cosmo var
    0.80  00:18:40  00:18:41  Called calc gradphi 1
    2.37  00:18:41  00:18:43  Called calc gradphi 2
    0.37  00:18:43  00:18:43  Called calc dm
    0.31  00:18:43  00:18:44  Called link dm
 redshift:    7.50000000000000     
 density:    1.000000      0.1891996       2.985104      0.3760886    
 vx:       -2.0035634E-06   134.6040       748.5356      -711.1376    
 vy:       -5.7205882E-05   134.1742       724.1840      -705.3908    
 vz:       -2.3281641E-04   134.4176       680.1345      -700.4458    
   10.08  00:18:40  00:18:50  Called calc density velocity fields
 xbar:   0.721011966466904     
 ion: -1.0578243E-13  0.6220446      -1.000000      0.3869395    
    0.27  00:18:50  00:18:50  Called calc rho ion fields
    0.06  00:18:51  00:18:51  Called calc pspec
    0.06  00:18:51  00:18:51  Called calc pspec
    0.06  00:18:51  00:18:51  Called calc pspec
    0.06  00:18:51  00:18:51  Called calc pspec
    0.02  00:18:51  00:18:51  Called calc cosmo var
    0.80  00:18:51  00:18:52  Called calc gradphi 1
    2.37  00:18:52  00:18:54  Called calc gradphi 2
    0.37  00:18:54  00:18:54  Called calc dm
    0.31  00:18:54  00:18:55  Called link dm
 redshift:    8.00000000000000     
 density:    1.000000      0.1790874       2.815849      0.3949257    
 vx:        5.9560693E-07   130.8621       725.4606      -687.9543    
 vy:       -4.8572096E-05   130.4444       697.8663      -683.1456    
 vz:       -1.9956495E-04   130.6809       666.9510      -682.1633    
   10.05  00:18:51  00:19:01  Called calc density velocity fields
 xbar:   0.452596865594387     
 ion:  1.2643586E-14   1.099760      -1.000000       1.209472    
    0.27  00:19:01  00:19:01  Called calc rho ion fields
    0.06  00:19:02  00:19:02  Called calc pspec
    0.06  00:19:02  00:19:02  Called calc pspec
    0.06  00:19:02  00:19:02  Called calc pspec
    0.06  00:19:02  00:19:02  Called calc pspec
    0.02  00:19:02  00:19:02  Called calc cosmo var
    0.80  00:19:02  00:19:03  Called calc gradphi 1
    2.36  00:19:03  00:19:05  Called calc gradphi 2
    0.37  00:19:05  00:19:06  Called calc dm
    0.31  00:19:06  00:19:06  Called link dm
 redshift:    8.50000000000000     
 density:    1.000000      0.1700334       2.671251      0.4128532    
 vx:        2.7516887E-06   127.4145       710.2502      -666.5686    
 vy:       -4.1451509E-05   127.0080       684.9833      -662.7095    
 vz:       -1.7077908E-04   127.2381       653.7560      -665.0428    
   10.04  00:19:02  00:19:12  Called calc density velocity fields
 xbar:   0.235066823661327     
 ion:  1.9455791E-14   1.803915      -1.000000       3.254109    
    0.26  00:19:12  00:19:12  Called calc rho ion fields
    0.06  00:19:13  00:19:13  Called calc pspec
    0.06  00:19:13  00:19:13  Called calc pspec
    0.06  00:19:13  00:19:13  Called calc pspec
    0.06  00:19:13  00:19:13  Called calc pspec
    0.02  00:19:13  00:19:13  Called calc cosmo var
    0.80  00:19:13  00:19:14  Called calc gradphi 1
    2.37  00:19:14  00:19:16  Called calc gradphi 2
    0.37  00:19:16  00:19:17  Called calc dm
    0.30  00:19:17  00:19:17  Called link dm
 redshift:    9.00000000000000     
 density:    1.000000      0.1618754       2.546494      0.4299023    
 vx:        4.5988540E-06   124.2248       695.7048      -646.8386    
 vy:       -3.5793739E-05   123.8287       673.2095      -643.9059    
 vz:       -1.4613422E-04   124.0529       640.7036      -648.9299    
   10.01  00:19:13  00:19:23  Called calc density velocity fields
 xbar:   0.106181770563126     
 ion:  3.9803799E-14   2.901347      -1.000000       8.417812    
    0.26  00:19:23  00:19:23  Called calc rho ion fields
    0.06  00:19:24  00:19:24  Called calc pspec
    0.06  00:19:24  00:19:24  Called calc pspec
    0.06  00:19:24  00:19:24  Called calc pspec
    0.06  00:19:24  00:19:24  Called calc pspec
    0.02  00:19:24  00:19:24  Called calc cosmo var
    0.80  00:19:24  00:19:25  Called calc gradphi 1
    2.36  00:19:25  00:19:27  Called calc gradphi 2
    0.37  00:19:27  00:19:28  Called calc dm
    0.30  00:19:28  00:19:28  Called link dm
 redshift:    9.50000000000000     
 density:    1.000000      0.1544836       2.437957      0.4449094    
 vx:        5.8733426E-06   121.2628       681.7138      -628.6288    
 vy:       -3.1147076E-05   120.8763       661.5261      -626.5565    
 vz:       -1.2525865E-04   121.0951       627.7583      -633.6961    
   10.00  00:19:24  00:19:34  Called calc density velocity fields
 xbar:   4.357080161571503E-002
 ion:  7.2045776E-15   4.685205      -1.000000       21.95115    
    0.26  00:19:34  00:19:34  Called calc rho ion fields
    0.06  00:19:35  00:19:35  Called calc pspec
    0.06  00:19:35  00:19:35  Called calc pspec
    0.06  00:19:35  00:19:35  Called calc pspec
    0.06  00:19:35  00:19:35  Called calc pspec
    0.02  00:19:35  00:19:35  Called calc cosmo var
    0.80  00:19:35  00:19:36  Called calc gradphi 1
    2.37  00:19:36  00:19:38  Called calc gradphi 2
    0.37  00:19:38  00:19:39  Called calc dm
    0.30  00:19:39  00:19:39  Called link dm
 redshift:    10.0000000000000     
 density:    1.000000      0.1477526       2.342755      0.4587961    
 vx:        6.9047651E-06   118.5028       668.2491      -611.7661    
 vy:       -2.7218184E-05   118.1252       649.9057      -610.8950    
 vz:       -1.0763742E-04   118.3389       615.0437      -619.2591    
    9.99  00:19:35  00:19:45  Called calc density velocity fields
 xbar:   1.677493005990982E-002
 ion: -7.8603573E-15   7.655898      -1.000000       58.61277    
    0.26  00:19:45  00:19:45  Called calc rho ion fields
    0.06  00:19:46  00:19:46  Called calc pspec
    0.06  00:19:46  00:19:46  Called calc pspec
    0.06  00:19:46  00:19:46  Called calc pspec
    0.06  00:19:46  00:19:46  Called calc pspec
    0.02  00:19:46  00:19:46  Called calc cosmo var
    0.80  00:19:46  00:19:47  Called calc gradphi 1
    2.37  00:19:47  00:19:49  Called calc gradphi 2
    0.37  00:19:49  00:19:50  Called calc dm
    0.30  00:19:50  00:19:50  Called link dm
 redshift:    10.5000000000000     
 density:    1.000000      0.1415958       2.258697      0.4721213    
 vx:        7.5877747E-06   115.9230       655.2336      -598.4039    
 vy:       -2.3952362E-05   115.5537       638.3484      -596.3065    
 vz:       -9.2667695E-05   115.7626       602.7038      -605.5914    
   10.00  00:19:46  00:19:56  Called calc density velocity fields
 xbar:   6.190769374370575E-003
 ion: -5.9362237E-15   12.67008      -1.000000       160.5308    
    0.26  00:19:56  00:19:56  Called calc rho ion fields
    0.06  00:19:57  00:19:57  Called calc pspec
    0.06  00:19:57  00:19:57  Called calc pspec
    0.06  00:19:57  00:19:57  Called calc pspec
    0.06  00:19:57  00:19:57  Called calc pspec
    0.02  00:19:57  00:19:57  Called calc cosmo var
    0.80  00:19:57  00:19:58  Called calc gradphi 1
    2.36  00:19:58  00:20:00  Called calc gradphi 2
    0.37  00:20:00  00:20:01  Called calc dm
    0.30  00:20:01  00:20:01  Called link dm
 redshift:    11.0000000000000     
 density:    1.000000      0.1359415       2.183955      0.4849045    
 vx:        8.0547461E-06   113.5046       642.6863      -588.3530    
 vy:       -2.1179045E-05   113.1431       626.9938      -582.6081    
 vz:       -8.0036436E-05   113.3477       590.8091      -592.6526    
    9.98  00:19:57  00:20:07  Called calc density velocity fields
 xbar:   2.225987613201141E-003
 ion:  1.4127154E-16   21.17165      -1.000000       448.2388    
    0.26  00:20:07  00:20:07  Called calc rho ion fields
    0.06  00:20:08  00:20:08  Called calc pspec
    0.06  00:20:08  00:20:08  Called calc pspec
    0.06  00:20:08  00:20:08  Called calc pspec
    0.06  00:20:08  00:20:08  Called calc pspec
    0.02  00:20:08  00:20:08  Called calc cosmo var
    0.80  00:20:08  00:20:09  Called calc gradphi 1
    2.36  00:20:09  00:20:11  Called calc gradphi 2
    0.37  00:20:11  00:20:12  Called calc dm
    0.30  00:20:12  00:20:12  Called link dm
 redshift:    11.5000000000000     
 density:    1.000000      0.1307295       2.117179      0.4971702    
 vx:        8.3992172E-06   111.2317       630.6320      -578.5668    
 vy:       -1.8801509E-05   110.8775       615.9356      -569.7220    
 vz:       -6.9165566E-05   111.0779       579.3906      -580.4022    
    9.98  00:20:08  00:20:18  Called calc density velocity fields
 xbar:   7.874146103858948E-004
 ion:  4.2758765E-15   35.62273      -1.000000       1268.979    
    0.26  00:20:18  00:20:18  Called calc rho ion fields
    0.06  00:20:19  00:20:19  Called calc pspec
    0.06  00:20:19  00:20:19  Called calc pspec
    0.06  00:20:19  00:20:19  Called calc pspec
    0.06  00:20:19  00:20:19  Called calc pspec
    0.02  00:20:19  00:20:19  Called calc cosmo var
    0.79  00:20:19  00:20:20  Called calc gradphi 1
    2.36  00:20:20  00:20:22  Called calc gradphi 2
    0.37  00:20:22  00:20:22  Called calc dm
    0.30  00:20:22  00:20:23  Called link dm
 redshift:    12.0000000000000     
 density:    1.000000      0.1259092       2.057141      0.5089293    
 vx:        8.4977974E-06   109.0902       619.0786      -569.0795    
 vy:       -1.6794796E-05   108.7429       605.2211      -557.5779    
 vz:       -6.0136099E-05   108.9394       568.4554      -568.7942    
    9.95  00:20:19  00:20:29  Called calc density velocity fields
 xbar:   2.765804529190063E-004
 ion:  9.1766872E-16   60.12141      -1.000000       3614.584    
    0.26  00:20:29  00:20:29  Called calc rho ion fields
    0.06  00:20:30  00:20:30  Called calc pspec
    0.06  00:20:30  00:20:30  Called calc pspec
    0.06  00:20:30  00:20:30  Called calc pspec
    0.06  00:20:30  00:20:30  Called calc pspec
    0.02  00:20:30  00:20:30  Called calc cosmo var
    0.80  00:20:30  00:20:31  Called calc gradphi 1
    2.36  00:20:31  00:20:33  Called calc gradphi 2
    0.37  00:20:33  00:20:33  Called calc dm
    0.30  00:20:33  00:20:34  Called link dm
 redshift:    12.5000000000000     
 density:    1.000000      0.1214373       2.002958      0.5202125    
 vx:        8.6011887E-06   107.0681       608.0167      -559.9081    
 vy:       -1.5087129E-05   106.7273       594.8774      -546.1116    
 vz:       -5.2277443E-05   106.9200       557.9928      -557.7861    
    9.98  00:20:30  00:20:40  Called calc density velocity fields
 xbar:   9.582936763763428E-005
 ion: -4.7184479E-16   102.1480      -1.000000       10434.21    
    0.26  00:20:40  00:20:40  Called calc rho ion fields
    0.06  00:20:41  00:20:41  Called calc pspec
    0.06  00:20:41  00:20:41  Called calc pspec
    0.06  00:20:41  00:20:41  Called calc pspec
    0.06  00:20:41  00:20:41  Called calc pspec
    0.02  00:20:41  00:20:41  Called calc cosmo var
    0.80  00:20:41  00:20:42  Called calc gradphi 1
    2.37  00:20:42  00:20:44  Called calc gradphi 2
    0.37  00:20:44  00:20:44  Called calc dm
    0.30  00:20:44  00:20:45  Called link dm
 redshift:    13.0000000000000     
 density:    1.000000      0.1172768       1.953816      0.5310376    
 vx:        8.5773945E-06   105.1546       597.4317      -551.0582    
 vy:       -1.3629901E-05   104.8199       584.9118      -536.1760    
 vz:       -4.5567074E-05   105.0092       547.9907      -547.3353    
    9.97  00:20:41  00:20:51  Called calc density velocity fields
 xbar:   3.345310688018799E-005
 ion: -6.9388939E-18   172.8918      -1.000000       29891.59    
    0.26  00:20:51  00:20:51  Called calc rho ion fields
    0.06  00:20:51  00:20:52  Called calc pspec
    0.06  00:20:52  00:20:52  Called calc pspec
    0.06  00:20:52  00:20:52  Called calc pspec
    0.06  00:20:52  00:20:52  Called calc pspec
    0.02  00:20:52  00:20:52  Called calc cosmo var
    0.79  00:20:52  00:20:53  Called calc gradphi 1
    2.35  00:20:53  00:20:55  Called calc gradphi 2
    0.37  00:20:55  00:20:55  Called calc dm
    0.30  00:20:55  00:20:56  Called link dm
 redshift:    13.5000000000000     
 density:    1.000000      0.1133961       1.909044      0.5414227    
 vx:        8.4773365E-06   103.3404       587.3027      -542.5278    
 vy:       -1.2323519E-05   103.0116       575.3238      -528.2386    
 vz:       -3.9840477E-05   103.1976       538.4277      -537.6072    
    9.97  00:20:52  00:21:02  Called calc density velocity fields
 xbar:   1.179426908493042E-005
 ion:  3.9898640E-17   291.1803      -1.000000       84785.94    
    0.26  00:21:02  00:21:02  Called calc rho ion fields
    0.06  00:21:02  00:21:02  Called calc pspec
    0.06  00:21:02  00:21:03  Called calc pspec
    0.06  00:21:03  00:21:03  Called calc pspec
    0.06  00:21:03  00:21:03  Called calc pspec
    0.02  00:21:03  00:21:03  Called calc cosmo var
    0.80  00:21:03  00:21:04  Called calc gradphi 1
    2.36  00:21:04  00:21:06  Called calc gradphi 2
    0.37  00:21:06  00:21:06  Called calc dm
    0.30  00:21:06  00:21:07  Called link dm
 redshift:    14.0000000000000     
 density:    1.000000      0.1097674       1.868135      0.5514020    
 vx:        8.3692194E-06   101.6173       577.6083      -534.3113    
 vy:       -1.1144370E-05   101.2940       566.1059      -520.5946    
 vz:       -3.4894376E-05   101.4768       529.2846      -528.6431    
    9.96  00:21:03  00:21:13  Called calc density velocity fields
 xbar:   4.246830940246582E-006
 ion:  5.2041704E-17   485.2512      -1.000000       235468.7    
    0.26  00:21:13  00:21:13  Called calc rho ion fields
    0.06  00:21:13  00:21:13  Called calc pspec
    0.06  00:21:13  00:21:13  Called calc pspec
    0.06  00:21:13  00:21:14  Called calc pspec
    0.06  00:21:14  00:21:14  Called calc pspec
    0.02  00:21:14  00:21:14  Called calc cosmo var
    0.80  00:21:14  00:21:14  Called calc gradphi 1
    2.36  00:21:14  00:21:17  Called calc gradphi 2
    0.37  00:21:17  00:21:17  Called calc dm
    0.30  00:21:17  00:21:17  Called link dm
 redshift:    14.5000000000000     
 density:    1.000000      0.1063668       1.830608      0.5609837    
 vx:        8.2157330E-06   99.97786       568.3261      -526.3996    
 vy:       -1.0210581E-05   99.65982       557.2465      -513.2323    
 vz:       -3.0575760E-05   99.83968       520.5364      -520.0916    
    9.97  00:21:14  00:21:24  Called calc density velocity fields
 xbar:   1.415610313415527E-006
 ion: -2.7755576E-17   840.4809      -1.000000       706408.1    
    0.26  00:21:24  00:21:24  Called calc rho ion fields
    0.06  00:21:24  00:21:24  Called calc pspec
    0.06  00:21:24  00:21:24  Called calc pspec
    0.06  00:21:24  00:21:24  Called calc pspec
    0.06  00:21:24  00:21:25  Called calc pspec
    0.02  00:21:25  00:21:25  Called calc cosmo var
    0.80  00:21:25  00:21:25  Called calc gradphi 1
    2.37  00:21:25  00:21:28  Called calc gradphi 2
    0.37  00:21:28  00:21:28  Called calc dm
    0.30  00:21:28  00:21:28  Called link dm
 redshift:    15.0000000000000     
 density:    1.000000      0.1031731       1.796057      0.5701828    
 vx:        7.9854744E-06   98.41559       559.4341      -518.7815    
 vy:       -9.3143963E-06   98.10255       548.7316      -506.1410    
 vz:       -2.6859168E-05   98.27958       512.1622      -511.9234    
    9.98  00:21:25  00:21:35  Called calc density velocity fields
 xbar:   4.544854164123535E-007
 ion:  1.1102230E-16   1483.337      -1.000000       2200290.    
    0.26  00:21:35  00:21:35  Called calc rho ion fields
    0.06  00:21:35  00:21:35  Called calc pspec
    0.06  00:21:35  00:21:35  Called calc pspec
    0.06  00:21:35  00:21:35  Called calc pspec
    0.06  00:21:35  00:21:35  Called calc pspec
  225.62  00:17:55  00:21:41  Called calc ksz t21 fields
Writing /jet/home/rpearce/ocean/baseline/cpu-512-scaling-008t-v2/run_002/out/obs_grids.hdf5
    0.13  00:21:41  00:21:41  Called write fields
Writing /jet/home/rpearce/ocean/baseline/cpu-512-scaling-008t-v2/run_002/out/pk_arrays.hdf5
    0.00  00:21:41  00:21:41  Called write pk
    0.00  00:21:41  00:21:41  Called close h5
