 Num cpu avail:          128
 dir_out:   /jet/home/rpearce/ocean/baseline/cpu-1024-baseline-v2/run_010/out/
 zmean_zre:    8.00000000000000     
 alpha_zre:   0.500000000000000     
 kb_zre:       1.05000000000000     
 b0_zre:      0.450000000000000     
 iseed:        899829731
 save_grf:   F
 read_grf:   F
 ckpt_level:           0
    0.64  23:38:56  23:38:57  Called init dm
    0.00  23:38:57  23:38:57  Called init domain
    0.01  23:38:57  23:38:57  Called calc cosmo distance
    0.00  23:38:57  23:38:57  Called calc angular distance
 Nsightpix:          698
    0.00  23:38:57  23:38:57  Called calc Nsightpix
    1.56  23:38:57  23:38:59  Called init fields
Reading planck_2018_transfer_z000.dat
    0.01  23:38:59  23:38:59  Called calc linear pk
 
 
 Iteration            1  of            1
 GRF seed:    899829731
 GRF:   3.3126395E-05  0.9999936      -6.141959       6.047036    
    0.21  23:38:59  23:38:59  Called make gaussian random field
    0.75  23:38:59  23:39:00  Called calc delta field
    0.02  23:39:00  23:39:00  Called calc cosmo var
    1.66  23:39:00  23:39:01  Called calc gradphi 1
    4.67  23:39:01  23:39:06  Called calc gradphi 2
    0.41  23:39:06  23:39:06  Called calc dm
    0.91  23:39:06  23:39:07  Called link dm
 redshift:    8.00000000000000     
 density:    1.000000      0.2546367       5.858378      0.2635164    
 vx:       -2.9422800E-04   133.6288       721.6271      -767.0837    
 vy:        4.4608773E-06   134.9973       745.3617      -747.1709    
 vz:       -1.1607077E-04   134.5532       740.0208      -759.2806    
   12.11  23:39:00  23:39:12  Called calc density velocity fields
 zreion:    8.000000      0.9402213       27.26606       5.279784    
z, x, xm:   5.000  0.000  0.000
z, x, xm:   5.500  0.000  0.000
z, x, xm:   6.000  0.000  0.000
z, x, xm:   6.500  0.015  0.008
z, x, xm:   7.000  0.115  0.076
z, x, xm:   7.500  0.328  0.247
z, x, xm:   8.000  0.566  0.468
z, x, xm:   8.500  0.750  0.664
z, x, xm:   9.000  0.865  0.802
z, x, xm:   9.500  0.931  0.889
z, x, xm:  10.000  0.965  0.939
z, x, xm:  10.500  0.982  0.967
z, x, xm:  11.000  0.991  0.983
z, x, xm:  11.500  0.996  0.991
z, x, xm:  12.000  0.998  0.995
z, x, xm:  12.500  0.999  0.997
z, x, xm:  13.000  0.999  0.999
z, x, xm:  13.500  1.000  0.999
z, x, xm:  14.000  1.000  1.000
z, x, xm:  14.500  1.000  1.000
z, x, xm:  15.000  1.000  1.000
z, x, xm:  16.000  1.000  1.000
z, x, xm:  17.000  1.000  1.000
z, x, xm:  18.000  1.000  1.000
z, x, xm:  19.000  1.000  1.000
z, x, xm:  20.000  1.000  1.000
   14.62  23:39:00  23:39:14  Called calc zreion
    0.01  23:39:14  23:39:14  Called calc tau
    0.02  23:39:14  23:39:14  Called calc cosmo var
    1.66  23:39:14  23:39:16  Called calc gradphi 1
    4.68  23:39:16  23:39:21  Called calc gradphi 2
    0.41  23:39:21  23:39:21  Called calc dm
    0.95  23:39:21  23:39:22  Called link dm
 redshift:    5.50000000000000     
 density:    1.000000      0.3581570       10.14294      0.1815613    
 vx:       -1.2239891E-04   156.7148       845.6541      -884.5137    
 vy:        2.7787599E-05   158.3249       859.9093      -871.2452    
 vz:        1.5998704E-04   157.8023       863.8820      -876.6990    
   12.28  23:39:14  23:39:27  Called calc density velocity fields
    0.02  23:39:27  23:39:27  Called calc cosmo var
    1.65  23:39:27  23:39:28  Called calc gradphi 1
    4.74  23:39:28  23:39:33  Called calc gradphi 2
    0.41  23:39:33  23:39:33  Called calc dm
    0.95  23:39:33  23:39:34  Called link dm
 redshift:    6.00000000000000     
 density:    1.000000      0.3310038       8.557181      0.2029048    
 vx:       -1.5303404E-04   151.1679       815.7097      -858.7866    
 vy:        4.1504944E-05   152.7193       841.7538      -843.2847    
 vz:        8.4521474E-05   152.2158       832.6393      -861.5826    
   12.34  23:39:27  23:39:39  Called calc density velocity fields
 xbar:   0.999999789521098     
 ion:  1.0754351E-16  4.5877983E-04  -1.000000      2.1047894E-07
    0.36  23:39:39  23:39:39  Called calc rho ion fields
    0.06  23:39:40  23:39:40  Called calc pspec
    0.06  23:39:40  23:39:40  Called calc pspec
    0.08  23:39:40  23:39:40  Called calc pspec
    0.07  23:39:40  23:39:40  Called calc pspec
 xbar:   0.999658582732081     
 ion: -6.5852428E-16  1.8480634E-02  -1.000000      3.4153389E-04
    0.34  23:39:40  23:39:41  Called calc rho ion fields
    0.06  23:39:42  23:39:42  Called calc pspec
    0.06  23:39:42  23:39:42  Called calc pspec
    0.09  23:39:42  23:39:42  Called calc pspec
    0.07  23:39:42  23:39:42  Called calc pspec
    0.02  23:39:42  23:39:42  Called calc cosmo var
    1.65  23:39:42  23:39:44  Called calc gradphi 1
    4.72  23:39:44  23:39:48  Called calc gradphi 2
    0.40  23:39:48  23:39:49  Called calc dm
    0.94  23:39:49  23:39:50  Called link dm
 redshift:    6.50000000000000     
 density:    1.000000      0.3077586       7.556359      0.2217791    
 vx:       -1.9314764E-04   146.1577       784.9697      -840.0236    
 vy:        4.3105647E-05   147.6565       821.1221      -823.4474    
 vz:        1.6208352E-05   147.1701       809.0303      -843.4883    
   12.31  23:39:42  23:39:54  Called calc density velocity fields
 xbar:   0.984822693280876     
 ion: -1.1751213E-14  0.1241419      -1.000000      1.5411207E-02
    0.35  23:39:54  23:39:55  Called calc rho ion fields
    0.04  23:39:55  23:39:55  Called calc pspec
    0.03  23:39:55  23:39:55  Called calc pspec
    0.06  23:39:55  23:39:56  Called calc pspec
    0.04  23:39:56  23:39:56  Called calc pspec
    0.02  23:39:56  23:39:56  Called calc cosmo var
    1.66  23:39:56  23:39:58  Called calc gradphi 1
    4.82  23:39:58  23:40:03  Called calc gradphi 2
    0.40  23:40:03  23:40:03  Called calc dm
    0.95  23:40:03  23:40:04  Called link dm
 redshift:    7.00000000000000     
 density:    1.000000      0.2876488       6.961281      0.2360327    
 vx:       -2.3292779E-04   141.6053       763.7842      -817.0294    
 vy:        3.4655222E-05   143.0566       796.5291      -798.4731    
 vz:       -4.0113890E-05   142.5856       785.6522      -817.5475    
   12.35  23:39:56  23:40:08  Called calc density velocity fields
 xbar:   0.885320817120373     
 ion: -5.6112341E-15  0.3599084      -1.000000      0.1295340    
    0.38  23:40:08  23:40:09  Called calc rho ion fields
    0.05  23:40:10  23:40:10  Called calc pspec
    0.04  23:40:10  23:40:10  Called calc pspec
    0.07  23:40:10  23:40:10  Called calc pspec
    0.04  23:40:10  23:40:10  Called calc pspec
    0.02  23:40:10  23:40:10  Called calc cosmo var
    1.67  23:40:10  23:40:12  Called calc gradphi 1
    4.76  23:40:12  23:40:17  Called calc gradphi 2
    0.40  23:40:17  23:40:17  Called calc dm
    0.93  23:40:17  23:40:18  Called link dm
 redshift:    7.50000000000000     
 density:    1.000000      0.2700912       6.388025      0.2497593    
 vx:       -2.6744243E-04   137.4464       742.5678      -792.2946    
 vy:        2.0554240E-05   138.8545       771.0563      -772.5532    
 vz:       -8.3691171E-05   138.3976       762.6561      -788.4047    
   12.35  23:40:10  23:40:22  Called calc density velocity fields
 xbar:   0.671667001210153     
 ion: -2.6574554E-14  0.6991659      -1.000000      0.4888330    
    0.38  23:40:22  23:40:23  Called calc rho ion fields
    0.06  23:40:24  23:40:24  Called calc pspec
    0.06  23:40:24  23:40:24  Called calc pspec
    0.09  23:40:24  23:40:24  Called calc pspec
    0.06  23:40:24  23:40:24  Called calc pspec
    0.02  23:40:24  23:40:24  Called calc cosmo var
    1.72  23:40:24  23:40:26  Called calc gradphi 1
    4.77  23:40:26  23:40:31  Called calc gradphi 2
    0.40  23:40:31  23:40:31  Called calc dm
    0.91  23:40:31  23:40:32  Called link dm
 redshift:    8.00000000000000     
 density:    1.000000      0.2546367       5.858378      0.2635164    
 vx:       -2.9422800E-04   133.6288       721.6271      -767.0837    
 vy:        4.4608773E-06   134.9973       745.3617      -747.1709    
 vz:       -1.1607077E-04   134.5532       740.0208      -759.2806    
   12.33  23:40:24  23:40:37  Called calc density velocity fields
 xbar:   0.434003181755543     
 ion:  1.2195952E-13   1.141985      -1.000000       1.304131    
    0.37  23:40:37  23:40:37  Called calc rho ion fields
    0.04  23:40:38  23:40:38  Called calc pspec
    0.03  23:40:38  23:40:38  Called calc pspec
    0.06  23:40:38  23:40:38  Called calc pspec
    0.04  23:40:38  23:40:38  Called calc pspec
    0.02  23:40:39  23:40:39  Called calc cosmo var
    1.66  23:40:39  23:40:41  Called calc gradphi 1
    4.79  23:40:41  23:40:45  Called calc gradphi 2
    0.40  23:40:45  23:40:46  Called calc dm
    0.93  23:40:46  23:40:47  Called link dm
 redshift:    8.50000000000000     
 density:    1.000000      0.2409335       5.382741      0.2771940    
 vx:       -3.1254825E-04   130.1091       701.9271      -741.6306    
 vy:       -1.1490919E-05   131.4412       721.1002      -724.3347    
 vz:       -1.3921897E-04   131.0089       719.0419      -735.3352    
   12.27  23:40:39  23:40:51  Called calc density velocity fields
 xbar:   0.250356717966497     
 ion:  8.4246520E-14   1.730405      -1.000000       2.994301    
    0.39  23:40:51  23:40:52  Called calc rho ion fields
    0.04  23:40:52  23:40:52  Called calc pspec
    0.03  23:40:52  23:40:52  Called calc pspec
    0.06  23:40:52  23:40:52  Called calc pspec
    0.04  23:40:52  23:40:53  Called calc pspec
    0.02  23:40:53  23:40:53  Called calc cosmo var
    1.66  23:40:53  23:40:55  Called calc gradphi 1
    4.78  23:40:55  23:41:00  Called calc gradphi 2
    0.40  23:41:00  23:41:00  Called calc dm
    0.90  23:41:00  23:41:01  Called link dm
 redshift:    9.00000000000000     
 density:    1.000000      0.2287021       4.961971      0.2907282    
 vx:       -3.2271247E-04   126.8511       685.4533      -716.9561    
 vy:       -2.5860931E-05   128.1496       699.3794      -705.0529    
 vz:       -1.5486607E-04   127.7281       701.0115      -713.7808    
   12.28  23:40:53  23:41:05  Called calc density velocity fields
 xbar:   0.134522088803351     
 ion:  1.3905760E-14   2.536479      -1.000000       6.433723    
    0.38  23:41:05  23:41:06  Called calc rho ion fields
    0.07  23:41:07  23:41:07  Called calc pspec
    0.05  23:41:07  23:41:07  Called calc pspec
    0.08  23:41:07  23:41:07  Called calc pspec
    0.05  23:41:07  23:41:07  Called calc pspec
    0.02  23:41:07  23:41:07  Called calc cosmo var
    1.69  23:41:07  23:41:09  Called calc gradphi 1
    4.76  23:41:09  23:41:14  Called calc gradphi 2
    0.42  23:41:14  23:41:14  Called calc dm
    0.90  23:41:14  23:41:15  Called link dm
 redshift:    9.50000000000000     
 density:    1.000000      0.2177175       4.593352      0.3040538    
 vx:       -3.2561494E-04   123.8245       669.4210      -702.1717    
 vy:       -3.7833142E-05   125.0918       678.9829      -687.9066    
 vz:       -1.6450211E-04   124.6804       683.9109      -703.5059    
   12.25  23:41:07  23:41:19  Called calc density velocity fields
 xbar:   6.938265915960073E-002
 ion:  4.4741988E-14   3.662352      -1.000000       13.41282    
    0.36  23:41:19  23:41:20  Called calc rho ion fields
    0.04  23:41:21  23:41:21  Called calc pspec
    0.04  23:41:21  23:41:21  Called calc pspec
    0.07  23:41:21  23:41:21  Called calc pspec
    0.04  23:41:21  23:41:21  Called calc pspec
    0.02  23:41:21  23:41:21  Called calc cosmo var
    1.68  23:41:21  23:41:23  Called calc gradphi 1
    4.76  23:41:23  23:41:28  Called calc gradphi 2
    0.40  23:41:28  23:41:28  Called calc dm
    0.92  23:41:28  23:41:29  Called link dm
 redshift:    10.0000000000000     
 density:    1.000000      0.2077972       4.274328      0.3171360    
 vx:       -3.2236363E-04   121.0036       653.8463      -690.4244    
 vy:       -4.7248945E-05   122.2418       668.7215      -677.8232    
 vz:       -1.6928509E-04   121.8398       667.8281      -692.2441    
   12.32  23:41:21  23:41:33  Called calc density velocity fields
 xbar:   3.502520266920328E-002
 ion: -2.4427509E-14   5.248892      -1.000000       27.55087    
    0.37  23:41:33  23:41:34  Called calc rho ion fields
    0.07  23:41:35  23:41:35  Called calc pspec
    0.05  23:41:35  23:41:35  Called calc pspec
    0.09  23:41:35  23:41:35  Called calc pspec
    0.06  23:41:35  23:41:35  Called calc pspec
    0.02  23:41:35  23:41:35  Called calc cosmo var
    1.74  23:41:35  23:41:37  Called calc gradphi 1
    4.73  23:41:37  23:41:42  Called calc gradphi 2
    0.42  23:41:42  23:41:42  Called calc dm
    0.93  23:41:42  23:41:43  Called link dm
 redshift:    10.5000000000000     
 density:    1.000000      0.1987917       4.000225      0.3299443    
 vx:       -3.1448147E-04   118.3664       638.8470      -678.6446    
 vy:       -5.4084212E-05   119.5774       657.5674      -666.3848    
 vz:       -1.7022937E-04   119.1843       655.6815      -680.1288    
   12.33  23:41:35  23:41:47  Called calc density velocity fields
 xbar:   1.751740742474794E-002
 ion: -1.5829352E-17   7.489064      -1.000000       56.08607    
    0.37  23:41:47  23:41:48  Called calc rho ion fields
    0.04  23:41:48  23:41:49  Called calc pspec
    0.04  23:41:49  23:41:49  Called calc pspec
    0.07  23:41:49  23:41:49  Called calc pspec
    0.04  23:41:49  23:41:49  Called calc pspec
    0.02  23:41:49  23:41:49  Called calc cosmo var
    1.71  23:41:49  23:41:51  Called calc gradphi 1
    4.75  23:41:51  23:41:55  Called calc gradphi 2
    0.40  23:41:55  23:41:56  Called calc dm
    0.92  23:41:56  23:41:57  Called link dm
 redshift:    11.0000000000000     
 density:    1.000000      0.1905775       3.764665      0.3424628    
 vx:       -3.0328709E-04   115.8941       624.4804      -666.7585    
 vy:       -5.8610483E-05   117.0797       646.0514      -654.2811    
 vz:       -1.6812097E-04   116.6947       643.5653      -667.4404    
   12.26  23:41:49  23:42:01  Called calc density velocity fields
 xbar:   8.751587010920048E-003
 ion: -5.4175414E-15   10.64260      -1.000000       113.2650    
    0.37  23:42:01  23:42:02  Called calc rho ion fields
    0.04  23:42:02  23:42:02  Called calc pspec
    0.04  23:42:02  23:42:02  Called calc pspec
    0.07  23:42:02  23:42:02  Called calc pspec
    0.04  23:42:02  23:42:02  Called calc pspec
    0.02  23:42:03  23:42:03  Called calc cosmo var
    1.69  23:42:03  23:42:04  Called calc gradphi 1
    4.74  23:42:04  23:42:09  Called calc gradphi 2
    0.40  23:42:09  23:42:10  Called calc dm
    0.93  23:42:10  23:42:10  Called link dm
 redshift:    11.5000000000000     
 density:    1.000000      0.1830522       3.560117      0.3546744    
 vx:       -2.8996062E-04   113.5704       611.7358      -654.9575    
 vy:       -6.1174927E-05   114.7320       634.5060      -641.9769    
 vz:       -1.6377628E-04   114.3548       631.6415      -654.6308    
   12.28  23:42:03  23:42:15  Called calc density velocity fields
 xbar:   4.388246685266495E-003
 ion: -3.4620744E-15   15.06258      -1.000000       226.8814    
    0.37  23:42:15  23:42:15  Called calc rho ion fields
    0.05  23:42:16  23:42:16  Called calc pspec
    0.04  23:42:16  23:42:16  Called calc pspec
    0.07  23:42:16  23:42:16  Called calc pspec
    0.04  23:42:16  23:42:16  Called calc pspec
    0.02  23:42:16  23:42:16  Called calc cosmo var
    1.69  23:42:16  23:42:18  Called calc gradphi 1
    4.86  23:42:18  23:42:23  Called calc gradphi 2
    0.45  23:42:23  23:42:23  Called calc dm
    0.89  23:42:23  23:42:24  Called link dm
 redshift:    12.0000000000000     
 density:    1.000000      0.1761301       3.380659      0.3665751    
 vx:       -2.7546566E-04   111.3810       599.3725      -643.3646    
 vy:       -6.2164319E-05   112.5201       623.3894      -629.7384    
 vz:       -1.5773594E-04   112.1502       620.0084      -641.9541    
   12.33  23:42:16  23:42:29  Called calc density velocity fields
 xbar:   2.217639237642288E-003
 ion:  7.3335435E-16   21.21155      -1.000000       449.9300    
    0.38  23:42:29  23:42:29  Called calc rho ion fields
    0.06  23:42:30  23:42:30  Called calc pspec
    0.06  23:42:30  23:42:30  Called calc pspec
    0.07  23:42:30  23:42:30  Called calc pspec
    0.05  23:42:30  23:42:30  Called calc pspec
    0.02  23:42:30  23:42:30  Called calc cosmo var
    1.74  23:42:30  23:42:32  Called calc gradphi 1
    4.84  23:42:32  23:42:37  Called calc gradphi 2
    0.41  23:42:37  23:42:37  Called calc dm
    0.87  23:42:37  23:42:38  Called link dm
 redshift:    12.5000000000000     
 density:    1.000000      0.1697391       3.222359      0.3781469    
 vx:       -2.6028868E-04   109.3137       587.4045      -632.0552    
 vy:       -6.1905666E-05   110.4316       612.5010      -617.7208    
 vz:       -1.5059614E-04   110.0685       608.7236      -630.3940    
   12.31  23:42:30  23:42:43  Called calc density velocity fields
 xbar:   1.128879375755787E-003
 ion:  1.1024168E-15   29.74616      -1.000000       884.8342    
    0.38  23:42:43  23:42:43  Called calc rho ion fields
    0.04  23:42:44  23:42:44  Called calc pspec
    0.04  23:42:44  23:42:44  Called calc pspec
    0.07  23:42:44  23:42:44  Called calc pspec
    0.04  23:42:44  23:42:44  Called calc pspec
    0.02  23:42:44  23:42:44  Called calc cosmo var
    1.73  23:42:44  23:42:46  Called calc gradphi 1
    4.86  23:42:46  23:42:51  Called calc gradphi 2
    0.40  23:42:51  23:42:51  Called calc dm
    0.89  23:42:51  23:42:52  Called link dm
 redshift:    13.0000000000000     
 density:    1.000000      0.1638184       3.081780      0.3894126    
 vx:       -2.4501662E-04   107.3576       575.8680      -621.0735    
 vy:       -6.0819693E-05   108.4553       601.8992      -606.0148    
 vz:       -1.4277610E-04   108.0988       597.8172      -619.1117    
   12.28  23:42:44  23:42:56  Called calc density velocity fields
 xbar:   5.806963890790939E-004
 ion:  3.3237302E-15   41.48578      -1.000000       1721.070    
    0.38  23:42:56  23:42:57  Called calc rho ion fields
    0.04  23:42:58  23:42:58  Called calc pspec
    0.04  23:42:58  23:42:58  Called calc pspec
    0.07  23:42:58  23:42:58  Called calc pspec
    0.04  23:42:58  23:42:58  Called calc pspec
    0.02  23:42:58  23:42:58  Called calc cosmo var
    1.72  23:42:58  23:43:00  Called calc gradphi 1
    4.85  23:43:00  23:43:04  Called calc gradphi 2
    0.40  23:43:04  23:43:05  Called calc dm
    0.88  23:43:05  23:43:06  Called link dm
 redshift:    13.5000000000000     
 density:    1.000000      0.1583159       2.956316      0.4003570    
 vx:       -2.2992154E-04   105.5032       566.5301      -610.4427    
 vy:       -5.9086720E-05   106.5818       591.6187      -594.6693    
 vz:       -1.3459304E-04   106.2315       587.3022      -608.1006    
   12.25  23:42:58  23:43:10  Called calc density velocity fields
 xbar:   3.021620213985443E-004
 ion: -8.7603536E-16   57.51941      -1.000000       3308.483    
    0.38  23:43:10  23:43:10  Called calc rho ion fields
    0.04  23:43:11  23:43:11  Called calc pspec
    0.04  23:43:11  23:43:11  Called calc pspec
    0.07  23:43:11  23:43:11  Called calc pspec
    0.04  23:43:11  23:43:11  Called calc pspec
    0.02  23:43:11  23:43:12  Called calc cosmo var
    1.70  23:43:12  23:43:13  Called calc gradphi 1
    4.89  23:43:13  23:43:18  Called calc gradphi 2
    0.43  23:43:18  23:43:19  Called calc dm
    0.88  23:43:19  23:43:19  Called link dm
 redshift:    14.0000000000000     
 density:    1.000000      0.1531873       2.843743      0.4109961    
 vx:       -2.1523931E-04   103.7419       557.8680      -600.1742    
 vy:       -5.6977722E-05   104.8025       581.6735      -583.7086    
 vz:       -1.2633238E-04   104.4579       577.1806      -597.4114    
   12.29  23:43:11  23:43:24  Called calc density velocity fields
 xbar:   1.589292660355568E-004
 ion: -6.4531713E-16   79.31650      -1.000000       6291.107    
    0.38  23:43:24  23:43:24  Called calc rho ion fields
    0.04  23:43:25  23:43:25  Called calc pspec
    0.04  23:43:25  23:43:25  Called calc pspec
    0.07  23:43:25  23:43:25  Called calc pspec
    0.04  23:43:25  23:43:25  Called calc pspec
    0.02  23:43:25  23:43:25  Called calc cosmo var
    1.67  23:43:25  23:43:27  Called calc gradphi 1
    4.72  23:43:27  23:43:32  Called calc gradphi 2
    0.40  23:43:32  23:43:32  Called calc dm
    0.87  23:43:32  23:43:33  Called link dm
 redshift:    14.5000000000000     
 density:    1.000000      0.1483945       2.742381      0.4213352    
 vx:       -2.0115302E-04   102.0664       549.5450      -590.2681    
 vy:       -5.4659511E-05   103.1096       572.0701      -573.1415    
 vz:       -1.1821160E-04   102.7707       567.4460      -587.0659    
   12.01  23:43:25  23:43:37  Called calc density velocity fields
 xbar:   8.489470928907394E-005
 ion:  7.4159429E-16   108.5279      -1.000000       11778.30    
    0.38  23:43:37  23:43:38  Called calc rho ion fields
    0.04  23:43:38  23:43:38  Called calc pspec
    0.04  23:43:38  23:43:38  Called calc pspec
    0.07  23:43:38  23:43:39  Called calc pspec
    0.04  23:43:39  23:43:39  Called calc pspec
    0.02  23:43:39  23:43:39  Called calc cosmo var
    1.63  23:43:39  23:43:40  Called calc gradphi 1
    4.59  23:43:40  23:43:45  Called calc gradphi 2
    0.40  23:43:45  23:43:45  Called calc dm
    0.83  23:43:45  23:43:46  Called link dm
 redshift:    15.0000000000000     
 density:    1.000000      0.1439043       2.650671      0.4313630    
 vx:       -1.8775380E-04   100.4697       541.5420      -580.7200    
 vy:       -5.2222858E-05   101.4966       562.8054      -562.9662    
 vz:       -1.1031631E-04   101.1630       558.0882      -577.0657    
   11.85  23:43:39  23:43:51  Called calc density velocity fields
 xbar:   4.575867205858231E-005
 ion: -2.1857516E-16   147.8269      -1.000000       21852.78    
    0.38  23:43:51  23:43:51  Called calc rho ion fields
    0.04  23:43:52  23:43:52  Called calc pspec
    0.04  23:43:52  23:43:52  Called calc pspec
    0.07  23:43:52  23:43:52  Called calc pspec
    0.04  23:43:52  23:43:52  Called calc pspec
    0.02  23:43:52  23:43:52  Called calc cosmo var
    1.62  23:43:52  23:43:54  Called calc gradphi 1
    4.41  23:43:54  23:43:58  Called calc gradphi 2
    0.40  23:43:58  23:43:58  Called calc dm
    0.82  23:43:58  23:43:59  Called link dm
 redshift:    16.0000000000000     
 density:    1.000000      0.1357206       2.491462      0.4505720    
 vx:       -1.6322550E-04   97.49011       526.4305      -562.5961    
 vy:       -4.7283695E-05   98.48640       545.2622      -544.2691    
 vz:       -9.5603747E-05   98.16267       540.4503      -557.9630    
   11.65  23:43:52  23:44:04  Called calc density velocity fields
 xbar:   1.374911516904831E-005
 ion:  3.3653635E-16   269.6868      -1.000000       72730.95    
    0.37  23:44:04  23:44:04  Called calc rho ion fields
    0.04  23:44:05  23:44:05  Called calc pspec
    0.04  23:44:05  23:44:05  Called calc pspec
    0.07  23:44:05  23:44:05  Called calc pspec
    0.04  23:44:05  23:44:05  Called calc pspec
  293.91  23:39:14  23:44:08  Called calc ksz t21 fields
Writing /jet/home/rpearce/ocean/baseline/cpu-1024-baseline-v2/run_010/out/obs_grids.hdf5
    0.06  23:44:08  23:44:08  Called write fields
Writing /jet/home/rpearce/ocean/baseline/cpu-1024-baseline-v2/run_010/out/pk_arrays.hdf5
    0.01  23:44:08  23:44:08  Called write pk
    0.00  23:44:08  23:44:08  Called close h5
