 Num cpu avail:          128
 dir_out:   /jet/home/rpearce/ocean/baseline/cpu-1024-baseline-v2/run_008/out/
 zmean_zre:    8.00000000000000     
 alpha_zre:   0.500000000000000     
 kb_zre:       1.05000000000000     
 b0_zre:      0.450000000000000     
 iseed:        315330354
 save_grf:   F
 read_grf:   F
 ckpt_level:           0
    0.62  23:27:45  23:27:46  Called init dm
    0.00  23:27:46  23:27:46  Called init domain
    0.01  23:27:46  23:27:46  Called calc cosmo distance
    0.00  23:27:46  23:27:46  Called calc angular distance
 Nsightpix:          698
    0.00  23:27:46  23:27:46  Called calc Nsightpix
    2.13  23:27:46  23:27:48  Called init fields
Reading planck_2018_transfer_z000.dat
    0.01  23:27:48  23:27:48  Called calc linear pk
 
 
 Iteration            1  of            1
 GRF seed:    315330354
 GRF:   4.6045461E-05  0.9999911      -6.579388       6.177991    
    0.26  23:27:48  23:27:49  Called make gaussian random field
    0.79  23:27:49  23:27:49  Called calc delta field
    0.02  23:27:49  23:27:49  Called calc cosmo var
    1.95  23:27:49  23:27:51  Called calc gradphi 1
    5.40  23:27:51  23:27:57  Called calc gradphi 2
    0.41  23:27:57  23:27:57  Called calc dm
    1.04  23:27:57  23:27:58  Called link dm
 redshift:    8.00000000000000     
 density:    1.000000      0.2547288       5.782994      0.2737330    
 vx:       -2.7778483E-04   134.4621       712.6028      -777.4391    
 vy:       -5.5828411E-04   134.9201       755.9408      -721.2064    
 vz:        2.2936295E-04   136.5185       731.4788      -782.5005    
   13.47  23:27:49  23:28:03  Called calc density velocity fields
 zreion:    8.000000      0.9405827       27.13444       5.321296    
z, x, xm:   5.000  0.000  0.000
z, x, xm:   5.500  0.000  0.000
z, x, xm:   6.000  0.000  0.000
z, x, xm:   6.500  0.015  0.008
z, x, xm:   7.000  0.115  0.076
z, x, xm:   7.500  0.328  0.247
z, x, xm:   8.000  0.566  0.468
z, x, xm:   8.500  0.750  0.663
z, x, xm:   9.000  0.865  0.802
z, x, xm:   9.500  0.931  0.889
z, x, xm:  10.000  0.965  0.939
z, x, xm:  10.500  0.982  0.967
z, x, xm:  11.000  0.991  0.982
z, x, xm:  11.500  0.996  0.991
z, x, xm:  12.000  0.998  0.995
z, x, xm:  12.500  0.999  0.997
z, x, xm:  13.000  0.999  0.999
z, x, xm:  13.500  1.000  0.999
z, x, xm:  14.000  1.000  1.000
z, x, xm:  14.500  1.000  1.000
z, x, xm:  15.000  1.000  1.000
z, x, xm:  16.000  1.000  1.000
z, x, xm:  17.000  1.000  1.000
z, x, xm:  18.000  1.000  1.000
z, x, xm:  19.000  1.000  1.000
z, x, xm:  20.000  1.000  1.000
   16.50  23:27:49  23:28:06  Called calc zreion
    0.01  23:28:06  23:28:06  Called calc tau
    0.02  23:28:06  23:28:06  Called calc cosmo var
    1.88  23:28:06  23:28:08  Called calc gradphi 1
    5.49  23:28:08  23:28:13  Called calc gradphi 2
    0.41  23:28:13  23:28:14  Called calc dm
    1.11  23:28:14  23:28:15  Called link dm
 redshift:    5.50000000000000     
 density:    1.000000      0.3583368       9.921716      0.1706231    
 vx:       -7.7099430E-05   157.6933       832.6448      -912.4340    
 vy:       -3.9905589E-04   158.2353       881.9257      -844.1251    
 vz:        1.5156607E-04   160.1134       850.0021      -912.1153    
   13.78  23:28:06  23:28:20  Called calc density velocity fields
    0.02  23:28:20  23:28:20  Called calc cosmo var
    1.85  23:28:20  23:28:21  Called calc gradphi 1
    5.49  23:28:21  23:28:27  Called calc gradphi 2
    0.41  23:28:27  23:28:27  Called calc dm
    1.06  23:28:27  23:28:28  Called link dm
 redshift:    6.00000000000000     
 density:    1.000000      0.3311606       8.443782      0.1919912    
 vx:       -1.0583954E-04   152.1113       809.6840      -879.6588    
 vy:       -4.6506207E-04   152.6328       859.0595      -820.2492    
 vz:        1.4623342E-04   154.4430       834.9182      -875.1001    
   13.55  23:28:20  23:28:33  Called calc density velocity fields
 xbar:   0.999999829567969     
 ion:  4.4610956E-17  4.1283417E-04  -1.000000      1.7043206E-07
    1.25  23:28:33  23:28:34  Called calc rho ion fields
    0.06  23:28:35  23:28:35  Called calc pspec
    0.06  23:28:35  23:28:35  Called calc pspec
    0.09  23:28:35  23:28:35  Called calc pspec
    0.07  23:28:35  23:28:35  Called calc pspec
 xbar:   0.999657179228961     
 ion: -1.0625446E-16  1.8518595E-02  -1.000000      3.4293835E-04
    0.37  23:28:35  23:28:36  Called calc rho ion fields
    0.06  23:28:37  23:28:37  Called calc pspec
    0.30  23:28:37  23:28:37  Called calc pspec
    0.08  23:28:37  23:28:37  Called calc pspec
    0.03  23:28:37  23:28:37  Called calc pspec
    0.02  23:28:37  23:28:37  Called calc cosmo var
    1.88  23:28:37  23:28:39  Called calc gradphi 1
    5.37  23:28:39  23:28:44  Called calc gradphi 2
    0.41  23:28:44  23:28:45  Called calc dm
    1.02  23:28:45  23:28:46  Called link dm
 redshift:    6.50000000000000     
 density:    1.000000      0.3078958       7.645572      0.2131427    
 vx:       -1.4748579E-04   147.0695       785.4901      -847.0508    
 vy:       -5.1635463E-04   147.5727       834.0340      -795.9586    
 vz:        1.5920011E-04   149.3221       812.7506      -856.1630    
   13.35  23:28:37  23:28:50  Called calc density velocity fields
 xbar:   0.984782448969781     
 ion:  4.8586250E-15  0.1243089      -1.000000      1.5452703E-02
    0.64  23:28:50  23:28:51  Called calc rho ion fields
    0.04  23:28:52  23:28:52  Called calc pspec
    0.03  23:28:52  23:28:52  Called calc pspec
    0.07  23:28:52  23:28:52  Called calc pspec
    0.04  23:28:52  23:28:52  Called calc pspec
    0.02  23:28:53  23:28:53  Called calc cosmo var
    1.88  23:28:53  23:28:54  Called calc gradphi 1
    5.45  23:28:54  23:29:00  Called calc gradphi 2
    0.41  23:29:00  23:29:00  Called calc dm
    1.02  23:29:00  23:29:01  Called link dm
 redshift:    7.00000000000000     
 density:    1.000000      0.2877690       6.870704      0.2338936    
 vx:       -1.9404657E-04   142.4885       760.3518      -820.3494    
 vy:       -5.4836314E-04   142.9751       807.6946      -770.3578    
 vz:        1.8299042E-04   144.6695       785.9597      -832.3169    
   13.42  23:28:53  23:29:06  Called calc density velocity fields
 xbar:   0.885237312875688     
 ion:  3.3306759E-14  0.3600564      -1.000000      0.1296406    
    0.81  23:29:06  23:29:07  Called calc rho ion fields
    0.07  23:29:08  23:29:08  Called calc pspec
    0.06  23:29:08  23:29:08  Called calc pspec
    0.09  23:29:08  23:29:08  Called calc pspec
    0.06  23:29:08  23:29:08  Called calc pspec
    0.02  23:29:08  23:29:08  Called calc cosmo var
    1.86  23:29:08  23:29:10  Called calc gradphi 1
    5.41  23:29:10  23:29:16  Called calc gradphi 2
    0.41  23:29:16  23:29:16  Called calc dm
    1.00  23:29:16  23:29:17  Called link dm
 redshift:    7.50000000000000     
 density:    1.000000      0.2701965       6.301442      0.2541237    
 vx:       -2.3889303E-04   138.3036       735.8196      -798.9656    
 vy:       -5.6138850E-04   138.7753       781.5882      -745.2670    
 vz:        2.0846358E-04   140.4196       758.3774      -807.2724    
   13.33  23:29:08  23:29:22  Called calc density velocity fields
 xbar:   0.671627252362669     
 ion: -8.0354560E-15  0.6992289      -1.000000      0.4889211    
    0.38  23:29:22  23:29:22  Called calc rho ion fields
    0.04  23:29:23  23:29:23  Called calc pspec
    0.04  23:29:23  23:29:23  Called calc pspec
    0.07  23:29:23  23:29:23  Called calc pspec
    0.04  23:29:23  23:29:23  Called calc pspec
    0.02  23:29:23  23:29:23  Called calc cosmo var
    1.87  23:29:23  23:29:25  Called calc gradphi 1
    5.44  23:29:25  23:29:31  Called calc gradphi 2
    0.41  23:29:31  23:29:31  Called calc dm
    1.00  23:29:31  23:29:32  Called link dm
 redshift:    8.00000000000000     
 density:    1.000000      0.2547288       5.782994      0.2737330    
 vx:       -2.7778483E-04   134.4621       712.6028      -777.4391    
 vy:       -5.5828411E-04   134.9201       755.9408      -721.2064    
 vz:        2.2936295E-04   136.5185       731.4788      -782.5005    
   13.37  23:29:23  23:29:37  Called calc density velocity fields
 xbar:   0.433971792459488     
 ion: -5.9618976E-14   1.142058      -1.000000       1.304297    
    0.41  23:29:37  23:29:37  Called calc rho ion fields
    0.04  23:29:38  23:29:38  Called calc pspec
    0.04  23:29:38  23:29:38  Called calc pspec
    0.07  23:29:38  23:29:38  Called calc pspec
    0.04  23:29:38  23:29:38  Called calc pspec
    0.02  23:29:39  23:29:39  Called calc cosmo var
    1.87  23:29:39  23:29:41  Called calc gradphi 1
    5.45  23:29:41  23:29:46  Called calc gradphi 2
    0.41  23:29:46  23:29:47  Called calc dm
    0.98  23:29:47  23:29:48  Called link dm
 redshift:    8.50000000000000     
 density:    1.000000      0.2410139       5.317813      0.2927039    
 vx:       -3.0803986E-04   130.9204       690.8614      -757.3827    
 vy:       -5.4273155E-04   131.3659       731.7482      -699.6240    
 vz:        2.4276212E-04   132.9220       707.9116      -758.2003    
   13.32  23:29:39  23:29:52  Called calc density velocity fields
 xbar:   0.250355477444828     
 ion:  2.1592645E-14   1.730410      -1.000000       2.994320    
    0.41  23:29:52  23:29:53  Called calc rho ion fields
    0.04  23:29:53  23:29:53  Called calc pspec
    0.04  23:29:53  23:29:53  Called calc pspec
    0.07  23:29:53  23:29:53  Called calc pspec
    0.04  23:29:53  23:29:53  Called calc pspec
    0.02  23:29:54  23:29:54  Called calc cosmo var
    1.96  23:29:54  23:29:56  Called calc gradphi 1
    5.45  23:29:56  23:30:01  Called calc gradphi 2
    0.41  23:30:01  23:30:02  Called calc dm
    0.97  23:30:02  23:30:03  Called link dm
 redshift:    9.00000000000000     
 density:    1.000000      0.2287720       4.908999      0.3109802    
 vx:       -3.2865460E-04   127.6421       673.1984      -738.4579    
 vy:       -5.1859760E-04   128.0760       717.1293      -680.6672    
 vz:        2.4793670E-04   129.5931       686.7653      -734.2360    
   13.36  23:29:54  23:30:07  Called calc density velocity fields
 xbar:   0.134562214836478     
 ion:  2.3757038E-15   2.536041      -1.000000       6.431507    
    0.38  23:30:07  23:30:07  Called calc rho ion fields
    0.04  23:30:08  23:30:08  Called calc pspec
    0.04  23:30:08  23:30:08  Called calc pspec
    0.07  23:30:08  23:30:08  Called calc pspec
    0.04  23:30:08  23:30:08  Called calc pspec
    0.02  23:30:09  23:30:09  Called calc cosmo var
    1.84  23:30:09  23:30:10  Called calc gradphi 1
    5.36  23:30:10  23:30:16  Called calc gradphi 2
    0.41  23:30:16  23:30:16  Called calc dm
    0.97  23:30:16  23:30:17  Called link dm
 redshift:    9.50000000000000     
 density:    1.000000      0.2177783       4.556669      0.3275595    
 vx:       -3.4015512E-04   124.5966       658.0068      -720.2802    
 vy:       -4.8920902E-04   125.0199       703.4341      -668.3710    
 vz:        2.4573042E-04   126.5007       668.3232      -711.4223    
   13.20  23:30:09  23:30:22  Called calc density velocity fields
 xbar:   6.941752322018147E-002
 ion: -2.4371564E-14   3.661364      -1.000000       13.40558    
    0.38  23:30:22  23:30:22  Called calc rho ion fields
    0.04  23:30:23  23:30:23  Called calc pspec
    0.04  23:30:23  23:30:23  Called calc pspec
    0.07  23:30:23  23:30:23  Called calc pspec
    0.04  23:30:23  23:30:23  Called calc pspec
    0.02  23:30:23  23:30:23  Called calc cosmo var
    1.86  23:30:23  23:30:25  Called calc gradphi 1
    5.42  23:30:25  23:30:31  Called calc gradphi 2
    0.46  23:30:31  23:30:31  Called calc dm
    0.97  23:30:31  23:30:32  Called link dm
 redshift:    10.0000000000000     
 density:    1.000000      0.2078500       4.254925      0.3429903    
 vx:       -3.4371405E-04   121.7581       645.3813      -702.8473    
 vy:       -4.5724551E-04   122.1714       689.7302      -655.6390    
 vz:        2.3744644E-04   123.6184       658.6388      -698.1799    
   13.33  23:30:23  23:30:37  Called calc density velocity fields
 xbar:   3.506319504231215E-002
 ion: -2.4641747E-15   5.245944      -1.000000       27.51993    
    0.39  23:30:37  23:30:37  Called calc rho ion fields
    0.05  23:30:38  23:30:38  Called calc pspec
    0.04  23:30:38  23:30:38  Called calc pspec
    0.07  23:30:38  23:30:38  Called calc pspec
    0.04  23:30:38  23:30:38  Called calc pspec
    0.02  23:30:38  23:30:38  Called calc cosmo var
    1.88  23:30:38  23:30:40  Called calc gradphi 1
    5.46  23:30:40  23:30:46  Called calc gradphi 2
    0.41  23:30:46  23:30:46  Called calc dm
    0.99  23:30:46  23:30:47  Called link dm
 redshift:    10.5000000000000     
 density:    1.000000      0.1988375       3.995305      0.3578677    
 vx:       -3.4080591E-04   119.1045       633.4521      -686.2104    
 vy:       -4.2452046E-04   119.5085       676.0524      -642.7960    
 vz:        2.2501692E-04   120.9239       647.5146      -686.2332    
   13.35  23:30:38  23:30:52  Called calc density velocity fields
 xbar:   1.754864398390055E-002
 ion:  2.8906998E-15   7.482276      -1.000000       55.98446    
    0.39  23:30:52  23:30:52  Called calc rho ion fields
    0.04  23:30:53  23:30:53  Called calc pspec
    0.04  23:30:53  23:30:53  Called calc pspec
    0.07  23:30:53  23:30:53  Called calc pspec
    0.04  23:30:53  23:30:53  Called calc pspec
    0.02  23:30:53  23:30:53  Called calc cosmo var
    1.88  23:30:53  23:30:55  Called calc gradphi 1
    5.50  23:30:55  23:31:00  Called calc gradphi 2
    0.41  23:31:00  23:31:01  Called calc dm
    0.97  23:31:01  23:31:02  Called link dm
 redshift:    11.0000000000000     
 density:    1.000000      0.1906175       3.769764      0.3716269    
 vx:       -3.3284028E-04   116.6168       621.5434      -670.3763    
 vy:       -3.9225610E-04   117.0120       662.6031      -630.1207    
 vz:        2.1005256E-04   118.3978       635.7858      -673.9453    
   13.22  23:30:53  23:31:06  Called calc density velocity fields
 xbar:   8.775108493864536E-003
 ion: -5.4027963E-15   10.62820      -1.000000       112.9587    
    0.39  23:31:06  23:31:07  Called calc rho ion fields
    0.04  23:31:07  23:31:07  Called calc pspec
    0.04  23:31:07  23:31:07  Called calc pspec
    0.07  23:31:07  23:31:08  Called calc pspec
    0.04  23:31:08  23:31:08  Called calc pspec
    0.02  23:31:08  23:31:08  Called calc cosmo var
    1.88  23:31:08  23:31:10  Called calc gradphi 1
    5.45  23:31:10  23:31:15  Called calc gradphi 2
    0.41  23:31:15  23:31:16  Called calc dm
    0.96  23:31:16  23:31:16  Called link dm
 redshift:    11.5000000000000     
 density:    1.000000      0.1830871       3.572376      0.3840475    
 vx:       -3.2115882E-04   114.2785       609.8408      -655.3359    
 vy:       -3.6130313E-04   114.6656       649.5073      -617.7625    
 vz:        1.9390273E-04   116.0236       623.9171      -661.6398    
   13.24  23:31:08  23:31:21  Called calc density velocity fields
 xbar:   4.406030289828777E-003
 ion: -3.5301623E-15   15.03202      -1.000000       225.9617    
    0.39  23:31:21  23:31:21  Called calc rho ion fields
    0.04  23:31:22  23:31:22  Called calc pspec
    0.06  23:31:22  23:31:22  Called calc pspec
    0.08  23:31:22  23:31:22  Called calc pspec
    0.04  23:31:22  23:31:22  Called calc pspec
    0.02  23:31:23  23:31:23  Called calc cosmo var
    1.95  23:31:23  23:31:24  Called calc gradphi 1
    5.79  23:31:24  23:31:30  Called calc gradphi 2
    0.42  23:31:30  23:31:31  Called calc dm
    0.97  23:31:31  23:31:32  Called link dm
 redshift:    12.0000000000000     
 density:    1.000000      0.1761608       3.398488      0.3950993    
 vx:       -3.0703720E-04   112.0755       598.4455      -641.0598    
 vy:       -3.3214284E-04   112.4550       636.8290      -605.8017    
 vz:        1.7764211E-04   113.7866       612.6826      -649.5066    
   13.65  23:31:23  23:31:36  Called calc density velocity fields
 xbar:   2.228935249149799E-003
 ion: -2.7428147E-15   21.15762      -1.000000       447.6447    
    0.40  23:31:36  23:31:37  Called calc rho ion fields
    0.04  23:31:37  23:31:37  Called calc pspec
    0.04  23:31:37  23:31:37  Called calc pspec
    0.08  23:31:37  23:31:38  Called calc pspec
    0.04  23:31:38  23:31:38  Called calc pspec
    0.02  23:31:38  23:31:38  Called calc cosmo var
    1.95  23:31:38  23:31:40  Called calc gradphi 1
    5.66  23:31:40  23:31:45  Called calc gradphi 2
    0.42  23:31:45  23:31:46  Called calc dm
    0.98  23:31:46  23:31:47  Called link dm
 redshift:    12.5000000000000     
 density:    1.000000      0.1697664       3.244382      0.4059319    
 vx:       -2.9145009E-04   109.9953       587.4128      -628.5696    
 vy:       -3.0495710E-04   110.3675       624.6024      -594.2778    
 vz:        1.6194966E-04   111.6744       602.5038      -637.6578    
   13.50  23:31:38  23:31:51  Called calc density velocity fields
 xbar:   1.137951388955116E-003
 ion: -3.6958284E-15   29.62722      -1.000000       877.7722    
    0.40  23:31:51  23:31:52  Called calc rho ion fields
    0.06  23:31:53  23:31:53  Called calc pspec
    0.06  23:31:53  23:31:53  Called calc pspec
    0.10  23:31:53  23:31:53  Called calc pspec
    0.06  23:31:53  23:31:53  Called calc pspec
    0.02  23:31:53  23:31:53  Called calc cosmo var
    1.97  23:31:53  23:31:55  Called calc gradphi 1
    5.66  23:31:55  23:32:01  Called calc gradphi 2
    0.42  23:32:01  23:32:01  Called calc dm
    0.96  23:32:01  23:32:02  Called link dm
 redshift:    13.0000000000000     
 density:    1.000000      0.1638427       3.107143      0.4164334    
 vx:       -2.7516016E-04   108.0270       576.7676      -618.7803    
 vy:       -2.7982783E-04   108.3924       612.8383      -583.2024    
 vz:        1.4727545E-04   109.6758       592.4334      -626.1541    
   13.44  23:31:53  23:32:07  Called calc density velocity fields
 xbar:   5.868282169103622E-004
 ion:  2.0985817E-15   41.26834      -1.000000       1703.076    
    0.38  23:32:07  23:32:07  Called calc rho ion fields
    0.04  23:32:08  23:32:08  Called calc pspec
    0.04  23:32:08  23:32:08  Called calc pspec
    0.08  23:32:08  23:32:08  Called calc pspec
    0.04  23:32:08  23:32:08  Called calc pspec
    0.02  23:32:08  23:32:08  Called calc cosmo var
    1.85  23:32:08  23:32:10  Called calc gradphi 1
    5.11  23:32:10  23:32:15  Called calc gradphi 2
    0.41  23:32:15  23:32:15  Called calc dm
    0.94  23:32:15  23:32:16  Called link dm
 redshift:    13.5000000000000     
 density:    1.000000      0.1583378       2.984220      0.4267024    
 vx:       -2.5877747E-04   106.1609       566.5189      -609.1375    
 vy:       -2.5675009E-04   106.5199       601.5344      -572.5759    
 vz:        1.3382878E-04   107.7811       582.5529      -615.0287    
   12.69  23:32:08  23:32:21  Called calc density velocity fields
 xbar:   3.058854490518570E-004
 ion:  1.1258355E-15   57.16815      -1.000000       3268.198    
    0.39  23:32:21  23:32:21  Called calc rho ion fields
    0.04  23:32:22  23:32:22  Called calc pspec
    0.04  23:32:22  23:32:22  Called calc pspec
    0.08  23:32:22  23:32:22  Called calc pspec
    0.04  23:32:22  23:32:22  Called calc pspec
    0.02  23:32:22  23:32:22  Called calc cosmo var
    1.68  23:32:22  23:32:24  Called calc gradphi 1
    4.68  23:32:24  23:32:29  Called calc gradphi 2
    0.41  23:32:29  23:32:29  Called calc dm
    0.94  23:32:29  23:32:30  Called link dm
 redshift:    14.0000000000000     
 density:    1.000000      0.1532073       2.873639      0.4366750    
 vx:       -2.4264495E-04   104.3886       556.6633      -599.6993    
 vy:       -2.3562637E-04   104.7415       590.6823      -562.3878    
 vz:        1.2165927E-04   105.9816       572.9133      -604.2960    
   12.15  23:32:22  23:32:34  Called calc density velocity fields
 xbar:   1.607909798622131E-004
 ion: -9.0205621E-16   78.85591      -1.000000       6218.254    
    0.40  23:32:34  23:32:35  Called calc rho ion fields
    0.04  23:32:35  23:32:35  Called calc pspec
    0.04  23:32:35  23:32:36  Called calc pspec
    0.08  23:32:36  23:32:36  Called calc pspec
    0.04  23:32:36  23:32:36  Called calc pspec
    0.02  23:32:36  23:32:36  Called calc cosmo var
    1.54  23:32:36  23:32:37  Called calc gradphi 1
    4.30  23:32:37  23:32:42  Called calc gradphi 2
    0.40  23:32:42  23:32:42  Called calc dm
    0.93  23:32:42  23:32:43  Called link dm
 redshift:    14.5000000000000     
 density:    1.000000      0.1484129       2.773764      0.4464017    
 vx:       -2.2706641E-04   102.7026       547.1926      -590.5013    
 vy:       -2.1635463E-04   103.0496       580.2655      -552.6223    
 vz:        1.1068132E-04   104.2697       563.5446      -593.9573    
   11.60  23:32:36  23:32:47  Called calc density velocity fields
 xbar:   8.538085967302322E-005
 ion: -4.2067044E-17   108.2184      -1.000000       11711.23    
    0.38  23:32:47  23:32:48  Called calc rho ion fields
    0.05  23:32:48  23:32:49  Called calc pspec
    0.04  23:32:49  23:32:49  Called calc pspec
    0.08  23:32:49  23:32:49  Called calc pspec
    0.04  23:32:49  23:32:49  Called calc pspec
    0.02  23:32:49  23:32:49  Called calc cosmo var
    1.52  23:32:49  23:32:50  Called calc gradphi 1
    4.23  23:32:50  23:32:55  Called calc gradphi 2
    0.41  23:32:55  23:32:55  Called calc dm
    0.93  23:32:55  23:32:56  Called link dm
 redshift:    15.0000000000000     
 density:    1.000000      0.1439214       2.683108      0.4558555    
 vx:       -2.1216010E-04   101.0960       538.0933      -581.5640    
 vy:       -1.9881592E-04   101.4375       570.2685      -543.5692    
 vz:        1.0086152E-04   102.6384       554.4619      -584.0079    
   11.48  23:32:49  23:33:00  Called calc density velocity fields
 xbar:   4.602409899234772E-005
 ion:  2.9663771E-16   147.4000      -1.000000       21726.75    
    0.39  23:33:00  23:33:01  Called calc rho ion fields
    0.04  23:33:01  23:33:01  Called calc pspec
    0.04  23:33:01  23:33:01  Called calc pspec
    0.08  23:33:01  23:33:02  Called calc pspec
    0.04  23:33:02  23:33:02  Called calc pspec
    0.02  23:33:02  23:33:02  Called calc cosmo var
    1.55  23:33:02  23:33:03  Called calc gradphi 1
    4.18  23:33:03  23:33:07  Called calc gradphi 2
    0.41  23:33:07  23:33:08  Called calc dm
    0.92  23:33:08  23:33:09  Called link dm
 redshift:    16.0000000000000     
 density:    1.000000      0.1357358       2.525185      0.4739837    
 vx:       -1.8483495E-04   98.09776       520.9498      -564.5072    
 vy:       -1.6849753E-04   98.42887       551.4464      -526.8660    
 vz:        8.4154446E-05   99.59415       537.2072      -565.9081    
   11.50  23:33:02  23:33:13  Called calc density velocity fields
 xbar:   1.367367804050446E-005
 ion:  9.5409791E-17   270.4297      -1.000000       73132.21    
    0.38  23:33:13  23:33:14  Called calc rho ion fields
    0.04  23:33:14  23:33:14  Called calc pspec
    0.04  23:33:14  23:33:14  Called calc pspec
    0.08  23:33:14  23:33:14  Called calc pspec
    0.04  23:33:14  23:33:15  Called calc pspec
  311.95  23:28:06  23:33:18  Called calc ksz t21 fields
Writing /jet/home/rpearce/ocean/baseline/cpu-1024-baseline-v2/run_008/out/obs_grids.hdf5
    0.09  23:33:18  23:33:18  Called write fields
Writing /jet/home/rpearce/ocean/baseline/cpu-1024-baseline-v2/run_008/out/pk_arrays.hdf5
    0.00  23:33:18  23:33:18  Called write pk
    0.00  23:33:18  23:33:18  Called close h5
